Component: ARM Compiler 5.05 update 2 (build 169) Tool: armlink [4d0f33]

==============================================================================

Section Cross References

    startup_stm32f10x_hd.o(RESET) refers to startup_stm32f10x_hd.o(STACK) for __initial_sp
    startup_stm32f10x_hd.o(RESET) refers to startup_stm32f10x_hd.o(.text) for Reset_Handler
    startup_stm32f10x_hd.o(RESET) refers to stm32f10x_it.o(i.NMI_Handler) for NMI_Handler
    startup_stm32f10x_hd.o(RESET) refers to context_rvds.o(.text) for HardFault_Handler
    startup_stm32f10x_hd.o(RESET) refers to stm32f10x_it.o(i.MemManage_Handler) for MemManage_Handler
    startup_stm32f10x_hd.o(RESET) refers to stm32f10x_it.o(i.BusFault_Handler) for BusFault_Handler
    startup_stm32f10x_hd.o(RESET) refers to stm32f10x_it.o(i.UsageFault_Handler) for UsageFault_Handler
    startup_stm32f10x_hd.o(RESET) refers to stm32f10x_it.o(i.SVC_Handler) for SVC_Handler
    startup_stm32f10x_hd.o(RESET) refers to stm32f10x_it.o(i.DebugMon_Handler) for DebugMon_Handler
    startup_stm32f10x_hd.o(RESET) refers to board.o(i.SysTick_Handler) for SysTick_Handler
    startup_stm32f10x_hd.o(RESET) refers to exti.o(i.EXTI4_IRQHandler) for EXTI4_IRQHandler
    startup_stm32f10x_hd.o(RESET) refers to exti.o(i.EXTI9_5_IRQHandler) for EXTI9_5_IRQHandler
    startup_stm32f10x_hd.o(RESET) refers to stm32f10x_it.o(i.TIM3_IRQHandler) for TIM3_IRQHandler
    startup_stm32f10x_hd.o(RESET) refers to usart.o(i.USART2_IRQHandler) for USART2_IRQHandler
    startup_stm32f10x_hd.o(RESET) refers to usart.o(i.USART3_IRQHandler) for USART3_IRQHandler
    startup_stm32f10x_hd.o(RESET) refers to stm32f10x_it.o(i.TIM5_IRQHandler) for TIM5_IRQHandler
    startup_stm32f10x_hd.o(RESET) refers to stm32f10x_it.o(i.TIM6_IRQHandler) for TIM6_IRQHandler
    startup_stm32f10x_hd.o(.text) refers to system_stm32f10x.o(i.SystemInit) for SystemInit
    startup_stm32f10x_hd.o(.text) refers to entry.o(.ARM.Collect$$$$00000000) for __main
    system_stm32f10x.o(i.SetSysClock) refers to system_stm32f10x.o(i.SetSysClockTo72) for SetSysClockTo72
    system_stm32f10x.o(i.SystemCoreClockUpdate) refers to system_stm32f10x.o(.data) for SystemCoreClock
    system_stm32f10x.o(i.SystemInit) refers to system_stm32f10x.o(i.SetSysClock) for SetSysClock
    stm32f10x_adc.o(i.ADC_DeInit) refers to stm32f10x_rcc.o(i.RCC_APB2PeriphResetCmd) for RCC_APB2PeriphResetCmd
    stm32f10x_bkp.o(i.BKP_DeInit) refers to stm32f10x_rcc.o(i.RCC_BackupResetCmd) for RCC_BackupResetCmd
    stm32f10x_can.o(i.CAN_DeInit) refers to stm32f10x_rcc.o(i.RCC_APB1PeriphResetCmd) for RCC_APB1PeriphResetCmd
    stm32f10x_can.o(i.CAN_GetITStatus) refers to stm32f10x_can.o(i.CheckITStatus) for CheckITStatus
    stm32f10x_cec.o(i.CEC_DeInit) refers to stm32f10x_rcc.o(i.RCC_APB1PeriphResetCmd) for RCC_APB1PeriphResetCmd
    stm32f10x_dac.o(i.DAC_DeInit) refers to stm32f10x_rcc.o(i.RCC_APB1PeriphResetCmd) for RCC_APB1PeriphResetCmd
    stm32f10x_flash.o(i.FLASH_EnableWriteProtection) refers to stm32f10x_flash.o(i.FLASH_WaitForLastOperation) for FLASH_WaitForLastOperation
    stm32f10x_flash.o(i.FLASH_EraseAllBank1Pages) refers to stm32f10x_flash.o(i.FLASH_WaitForLastBank1Operation) for FLASH_WaitForLastBank1Operation
    stm32f10x_flash.o(i.FLASH_EraseAllPages) refers to stm32f10x_flash.o(i.FLASH_WaitForLastOperation) for FLASH_WaitForLastOperation
    stm32f10x_flash.o(i.FLASH_EraseOptionBytes) refers to stm32f10x_flash.o(i.FLASH_GetReadOutProtectionStatus) for FLASH_GetReadOutProtectionStatus
    stm32f10x_flash.o(i.FLASH_EraseOptionBytes) refers to stm32f10x_flash.o(i.FLASH_WaitForLastOperation) for FLASH_WaitForLastOperation
    stm32f10x_flash.o(i.FLASH_ErasePage) refers to stm32f10x_flash.o(i.FLASH_WaitForLastOperation) for FLASH_WaitForLastOperation
    stm32f10x_flash.o(i.FLASH_ProgramHalfWord) refers to stm32f10x_flash.o(i.FLASH_WaitForLastOperation) for FLASH_WaitForLastOperation
    stm32f10x_flash.o(i.FLASH_ProgramOptionByteData) refers to stm32f10x_flash.o(i.FLASH_WaitForLastOperation) for FLASH_WaitForLastOperation
    stm32f10x_flash.o(i.FLASH_ProgramWord) refers to stm32f10x_flash.o(i.FLASH_WaitForLastOperation) for FLASH_WaitForLastOperation
    stm32f10x_flash.o(i.FLASH_ReadOutProtection) refers to stm32f10x_flash.o(i.FLASH_WaitForLastOperation) for FLASH_WaitForLastOperation
    stm32f10x_flash.o(i.FLASH_UserOptionByteConfig) refers to stm32f10x_flash.o(i.FLASH_WaitForLastOperation) for FLASH_WaitForLastOperation
    stm32f10x_flash.o(i.FLASH_WaitForLastBank1Operation) refers to stm32f10x_flash.o(i.FLASH_GetBank1Status) for FLASH_GetBank1Status
    stm32f10x_flash.o(i.FLASH_WaitForLastOperation) refers to stm32f10x_flash.o(i.FLASH_GetBank1Status) for FLASH_GetBank1Status
    stm32f10x_gpio.o(i.GPIO_AFIODeInit) refers to stm32f10x_rcc.o(i.RCC_APB2PeriphResetCmd) for RCC_APB2PeriphResetCmd
[...]
    DMA1_Channel2_IRQHandler                 0x0800015f   Thumb Code     0  startup_stm32f10x_hd.o(.text)
    DMA1_Channel3_IRQHandler                 0x0800015f   Thumb Code     0  startup_stm32f10x_hd.o(.text)
    DMA1_Channel4_IRQHandler                 0x0800015f   Thumb Code     0  startup_stm32f10x_hd.o(.text)
    DMA1_Channel5_IRQHandler                 0x0800015f   Thumb Code     0  startup_stm32f10x_hd.o(.text)
    DMA1_Channel6_IRQHandler                 0x0800015f   Thumb Code     0  startup_stm32f10x_hd.o(.text)
    DMA1_Channel7_IRQHandler                 0x0800015f   Thumb Code     0  startup_stm32f10x_hd.o(.text)
    DMA2_Channel1_IRQHandler                 0x0800015f   Thumb Code     0  startup_stm32f10x_hd.o(.text)
    DMA2_Channel2_IRQHandler                 0x0800015f   Thumb Code     0  startup_stm32f10x_hd.o(.text)
    DMA2_Channel3_IRQHandler                 0x0800015f   Thumb Code     0  startup_stm32f10x_hd.o(.text)
    DMA2_Channel4_5_IRQHandler               0x0800015f   Thumb Code     0  startup_stm32f10x_hd.o(.text)
    EXTI0_IRQHandler                         0x0800015f   Thumb Code     0  startup_stm32f10x_hd.o(.text)
    EXTI15_10_IRQHandler                     0x0800015f   Thumb Code     0  startup_stm32f10x_hd.o(.text)
    EXTI1_IRQHandler                         0x0800015f   Thumb Code     0  startup_stm32f10x_hd.o(.text)
    EXTI2_IRQHandler                         0x0800015f   Thumb Code     0  startup_stm32f10x_hd.o(.text)
    EXTI3_IRQHandler                         0x0800015f   Thumb Code     0  startup_stm32f10x_hd.o(.text)
    FLASH_IRQHandler                         0x0800015f   Thumb Code     0  startup_stm32f10x_hd.o(.text)
    FSMC_IRQHandler                          0x0800015f   Thumb Code     0  startup_stm32f10x_hd.o(.text)
    I2C1_ER_IRQHandler                       0x0800015f   Thumb Code     0  startup_stm32f10x_hd.o(.text)
    I2C1_EV_IRQHandler                       0x0800015f   Thumb Code     0  startup_stm32f10x_hd.o(.text)
    I2C2_ER_IRQHandler                       0x0800015f   Thumb Code     0  startup_stm32f10x_hd.o(.text)
    I2C2_EV_IRQHandler                       0x0800015f   Thumb Code     0  startup_stm32f10x_hd.o(.text)
    PVD_IRQHandler                           0x0800015f   Thumb Code     0  startup_stm32f10x_hd.o(.text)
    RCC_IRQHandler                           0x0800015f   Thumb Code     0  startup_stm32f10x_hd.o(.text)
    RTCAlarm_IRQHandler                      0x0800015f   Thumb Code     0  startup_stm32f10x_hd.o(.text)
    RTC_IRQHandler                           0x0800015f   Thumb Code     0  startup_stm32f10x_hd.o(.text)
    SDIO_IRQHandler                          0x0800015f   Thumb Code     0  startup_stm32f10x_hd.o(.text)
    SPI1_IRQHandler                          0x0800015f   Thumb Code     0  startup_stm32f10x_hd.o(.text)
    SPI2_IRQHandler                          0x0800015f   Thumb Code     0  startup_stm32f10x_hd.o(.text)
    SPI3_IRQHandler                          0x0800015f   Thumb Code     0  startup_stm32f10x_hd.o(.text)
    TAMPER_IRQHandler                        0x0800015f   Thumb Code     0  startup_stm32f10x_hd.o(.text)
    TIM1_BRK_IRQHandler                      0x0800015f   Thumb Code     0  startup_stm32f10x_hd.o(.text)
    TIM1_CC_IRQHandler                       0x0800015f   Thumb Code     0  startup_stm32f10x_hd.o(.text)
    TIM1_TRG_COM_IRQHandler                  0x0800015f   Thumb Code     0  startup_stm32f10x_hd.o(.text)
    TIM1_UP_IRQHandler                       0x0800015f   Thumb Code     0  startup_stm32f10x_hd.o(.text)
    TIM2_IRQHandler                          0x0800015f   Thumb Code     0  startup_stm32f10x_hd.o(.text)
    TIM4_IRQHandler                          0x0800015f   Thumb Code     0  startup_stm32f10x_hd.o(.text)
    TIM7_IRQHandler                          0x0800015f   Thumb Code     0  startup_stm32f10x_hd.o(.text)
    TIM8_BRK_IRQHandler                      0x0800015f   Thumb Code     0  startup_stm32f10x_hd.o(.text)
    TIM8_CC_IRQHandler                       0x0800015f   Thumb Code     0  startup_stm32f10x_hd.o(.text)
    TIM8_TRG_COM_IRQHandler                  0x0800015f   Thumb Code     0  startup_stm32f10x_hd.o(.text)
    TIM8_UP_IRQHandler                       0x0800015f   Thumb Code     0  startup_stm32f10x_hd.o(.text)
    UART4_IRQHandler                         0x0800015f   Thumb Code     0  startup_stm32f10x_hd.o(.text)
    UART5_IRQHandler                         0x0800015f   Thumb Code     0  startup_stm32f10x_hd.o(.text)
    USART1_IRQHandler                        0x0800015f   Thumb Code     0  startup_stm32f10x_hd.o(.text)
    USBWakeUp_IRQHandler                     0x0800015f   Thumb Code     0  startup_stm32f10x_hd.o(.text)
    USB_HP_CAN1_TX_IRQHandler                0x0800015f   Thumb Code     0  startup_stm32f10x_hd.o(.text)
    USB_LP_CAN1_RX0_IRQHandler               0x0800015f   Thumb Code     0  startup_stm32f10x_hd.o(.text)
    WWDG_IRQHandler                          0x0800015f   Thumb Code     0  startup_stm32f10x_hd.o(.text)
    rt_hw_interrupt_disable                  0x08000169   Thumb Code     8  context_rvds.o(.text)
    rt_hw_interrupt_enable                   0x08000171   Thumb Code     6  context_rvds.o(.text)
    rt_hw_context_switch                     0x08000177   Thumb Code    32  context_rvds.o(.text)
    rt_hw_context_switch_interrupt           0x08000177   Thumb Code     0  context_rvds.o(.text)
    PendSV_Handler                           0x08000197   Thumb Code    60  context_rvds.o(.text)
    rt_hw_context_switch_to                  0x080001d3   Thumb Code    58  context_rvds.o(.text)
    rt_hw_interrupt_thread_switch            0x0800020d   Thumb Code     2  context_rvds.o(.text)
    HardFault_Handler                        0x0800020f   Thumb Code    52  context_rvds.o(.text)
    __aeabi_memcpy                           0x0800025d   Thumb Code    36  memcpya.o(.text)
    __aeabi_memcpy4                          0x0800025d   Thumb Code     0  memcpya.o(.text)
    __aeabi_memcpy8                          0x0800025d   Thumb Code     0  memcpya.o(.text)
    __aeabi_memset                           0x08000281   Thumb Code    14  memseta.o(.text)
    __aeabi_memset4                          0x08000281   Thumb Code     0  memseta.o(.text)
    __aeabi_memset8                          0x08000281   Thumb Code     0  memseta.o(.text)
    __aeabi_memclr                           0x0800028f   Thumb Code     4  memseta.o(.text)
    __aeabi_memclr4                          0x0800028f   Thumb Code     0  memseta.o(.text)
    __aeabi_memclr8                          0x0800028f   Thumb Code     0  memseta.o(.text)
    _memset$wrapper                          0x08000293   Thumb Code    18  memseta.o(.text)
    strcat                                   0x080002a5   Thumb Code    24  strcat.o(.text)
    strstr                                   0x080002bd   Thumb Code    36  strstr.o(.text)
    strncpy                                  0x080002e1   Thumb Code    24  strncpy.o(.text)
    strlen                                   0x080002f9   Thumb Code    14  strlen.o(.text)
    strcmp                                   0x08000307   Thumb Code    28  strcmp.o(.text)
    strcpy                                   0x08000323   Thumb Code    18  strcpy.o(.text)
    strncmp                                  0x08000335   Thumb Code    30  strncmp.o(.text)
    __0sscanf                                0x08000355   Thumb Code    48  __0sscanf.o(.text)
    _scanf_int                               0x0800038d   Thumb Code   332  _scanf_int.o(.text)
    __aeabi_fadd                             0x080004d9   Thumb Code   164  fadd.o(.text)
    __aeabi_fsub                             0x0800057d   Thumb Code     6  fadd.o(.text)
    __aeabi_frsub                            0x08000583   Thumb Code     6  fadd.o(.text)
    __aeabi_fmul                             0x08000589   Thumb Code   100  fmul.o(.text)
    __aeabi_fdiv                             0x080005ed   Thumb Code   124  fdiv.o(.text)
    __aeabi_dadd                             0x08000669   Thumb Code   322  dadd.o(.text)
    __aeabi_dsub                             0x080007ab   Thumb Code     6  dadd.o(.text)
    __aeabi_drsub                            0x080007b1   Thumb Code     6  dadd.o(.text)
    __aeabi_dmul                             0x080007b7   Thumb Code   228  dmul.o(.text)
    __aeabi_ddiv                             0x0800089b   Thumb Code   222  ddiv.o(.text)
    __aeabi_i2f                              0x08000979   Thumb Code    18  fflti.o(.text)
    __aeabi_ui2f                             0x0800098b   Thumb Code    10  ffltui.o(.text)
    __aeabi_f2iz                             0x08000995   Thumb Code    50  ffixi.o(.text)
    __aeabi_f2uiz                            0x080009c7   Thumb Code    40  ffixui.o(.text)
    __aeabi_d2uiz                            0x080009ef   Thumb Code    50  dfixui.o(.text)
    __aeabi_f2d                              0x08000a21   Thumb Code    38  f2d.o(.text)
    __aeabi_cdrcmple                         0x08000a49   Thumb Code    48  cdrcmple.o(.text)
    __aeabi_cfcmpeq                          0x08000a79   Thumb Code     0  cfcmple.o(.text)
    __aeabi_cfcmple                          0x08000a79   Thumb Code    20  cfcmple.o(.text)
    __aeabi_cfrcmple                         0x08000a8d   Thumb Code    20  cfrcmple.o(.text)
    __aeabi_uidiv                            0x08000aa1   Thumb Code     0  uidiv.o(.text)
    __aeabi_uidivmod                         0x08000aa1   Thumb Code    44  uidiv.o(.text)
    __aeabi_uldivmod                         0x08000acd   Thumb Code    98  uldiv.o(.text)
    __aeabi_llsl                             0x08000b2f   Thumb Code    30  llshl.o(.text)
    _ll_shift_l                              0x08000b2f   Thumb Code     0  llshl.o(.text)
    __aeabi_llsr                             0x08000b4d   Thumb Code    32  llushr.o(.text)
    _ll_ushift_r                             0x08000b4d   Thumb Code     0  llushr.o(.text)
    __aeabi_lasr                             0x08000b6d   Thumb Code    36  llsshr.o(.text)
    _ll_sshift_r                             0x08000b6d   Thumb Code     0  llsshr.o(.text)
    _chval                                   0x08000b91   Thumb Code    28  _chval.o(.text)
    __vfscanf_char                           0x08000bb9   Thumb Code    20  scanf_char.o(.text)
    _sgetc                                   0x08000bd5   Thumb Code    30  _sgetc.o(.text)
    _sbackspace                              0x08000bf3   Thumb Code    34  _sgetc.o(.text)
    __I$use$fp                               0x08000c15   Thumb Code     0  iusefp.o(.text)
    _float_round                             0x08000c15   Thumb Code    18  fepilogue.o(.text)
    _float_epilogue                          0x08000c27   Thumb Code    92  fepilogue.o(.text)
    _double_round                            0x08000c83   Thumb Code    30  depilogue.o(.text)
    _double_epilogue                         0x08000ca1   Thumb Code   156  depilogue.o(.text)
    __aeabi_d2ulz                            0x08000d3d   Thumb Code    48  dfixul.o(.text)
    __scatterload                            0x08000d6d   Thumb Code    28  init.o(.text)
    __scatterload_rt2                        0x08000d6d   Thumb Code     0  init.o(.text)
    isspace                                  0x08000d91   Thumb Code    10  isspace_c.o(.text)
    __vfscanf                                0x08000d9d   Thumb Code   808  _scanf.o(.text)
    __ctype_lookup                           0x080010c9   Thumb Code    34  ctype_c.o(.text)
    __decompress                             0x080010f1   Thumb Code     0  __dczerorl2.o(.text)
    __decompress1                            0x080010f1   Thumb Code    86  __dczerorl2.o(.text)
    main                                     0x08001147   Thumb Code    10  components.o(i.$Sub$$main)
    ADCProcessInit                           0x08001151   Thumb Code    32  adc.o(i.ADCProcessInit)
    ADC_Cmd                                  0x080011f5   Thumb Code    22  stm32f10x_adc.o(i.ADC_Cmd)
    ADC_DMACmd                               0x0800120b   Thumb Code    22  stm32f10x_adc.o(i.ADC_DMACmd)
    ADC_GetCalibrationStatus                 0x08001221   Thumb Code    20  stm32f10x_adc.o(i.ADC_GetCalibrationStatus)
    ADC_GetResetCalibrationStatus            0x08001235   Thumb Code    20  stm32f10x_adc.o(i.ADC_GetResetCalibrationStatus)
    ADC_Init                                 0x08001249   Thumb Code    70  stm32f10x_adc.o(i.ADC_Init)
    ADC_RegularChannelConfig                 0x08001299   Thumb Code   184  stm32f10x_adc.o(i.ADC_RegularChannelConfig)
    ADC_ResetCalibration                     0x08001351   Thumb Code    10  stm32f10x_adc.o(i.ADC_ResetCalibration)
    ADC_SoftwareStartConvCmd                 0x0800135b   Thumb Code    22  stm32f10x_adc.o(i.ADC_SoftwareStartConvCmd)
    ADC_StartCalibration                     0x08001371   Thumb Code    10  stm32f10x_adc.o(i.ADC_StartCalibration)
    AdcDMAInit                               0x0800137d   Thumb Code    82  adc.o(i.AdcDMAInit)
    AdcGpioInit                              0x080013dd   Thumb Code    32  adc.o(i.AdcGpioInit)
    AdcInit                                  0x08001401   Thumb Code    16  adc.o(i.AdcInit)
    AdcModeInit                              0x08001411   Thumb Code   170  adc.o(i.AdcModeInit)
    Angle_limi                               0x080014c1   Thumb Code    68  motor.o(i.Angle_limi)
    BeepGpioInit                             0x08001509   Thumb Code    40  gpio.o(i.BeepGpioInit)
    BeepOff                                  0x08001535   Thumb Code    14  gpio.o(i.BeepOff)
    BeepOn                                   0x08001549   Thumb Code    14  gpio.o(i.BeepOn)
    BusFault_Handler                         0x0800155d   Thumb Code     4  stm32f10x_it.o(i.BusFault_Handler)
    ButtonInit                               0x080015c5   Thumb Code    12  button.o(i.ButtonInit)
    CpuInit                                  0x08001665   Thumb Code    12  system.o(i.CpuInit)
    DMA_Cmd                                  0x08001671   Thumb Code    24  stm32f10x_dma.o(i.DMA_Cmd)
    DMA_DeInit                               0x08001689   Thumb Code   324  stm32f10x_dma.o(i.DMA_DeInit)
    DMA_Init                                 0x080017d5   Thumb Code    60  stm32f10x_dma.o(i.DMA_Init)
    DebugMon_Handler                         0x08001811   Thumb Code     2  stm32f10x_it.o(i.DebugMon_Handler)
    EXTI4_IRQHandler                         0x08001815   Thumb Code    26  exti.o(i.EXTI4_IRQHandler)
    EXTI9_5_IRQHandler                       0x0800183d   Thumb Code    26  exti.o(i.EXTI9_5_IRQHandler)
    EXTI_ClearFlag                           0x08001865   Thumb Code     6  stm32f10x_exti.o(i.EXTI_ClearFlag)
    EXTI_GetITStatus                         0x08001871   Thumb Code    34  stm32f10x_exti.o(i.EXTI_GetITStatus)
    EXTI_Init                                0x08001899   Thumb Code   142  stm32f10x_exti.o(i.EXTI_Init)
    ExtiGpioInit                             0x0800192d   Thumb Code    38  exti.o(i.ExtiGpioInit)
    ExtiInit                                 0x08001959   Thumb Code    16  exti.o(i.ExtiInit)
    ExtiModeInit                             0x08001969   Thumb Code    76  exti.o(i.ExtiModeInit)
    ExtiNvicInit                             0x080019b5   Thumb Code    62  exti.o(i.ExtiNvicInit)
    GPIO_EXTILineConfig                      0x080019f5   Thumb Code    60  stm32f10x_gpio.o(i.GPIO_EXTILineConfig)
    GPIO_Init                                0x08001a35   Thumb Code   278  stm32f10x_gpio.o(i.GPIO_Init)
    GPIO_ReadInputDataBit                    0x08001b4b   Thumb Code    18  stm32f10x_gpio.o(i.GPIO_ReadInputDataBit)
    GPIO_ResetBits                           0x08001b5d   Thumb Code     4  stm32f10x_gpio.o(i.GPIO_ResetBits)
    GPIO_SetBits                             0x08001b61   Thumb Code     4  stm32f10x_gpio.o(i.GPIO_SetBits)
    GPIO_WriteBit                            0x08001b65   Thumb Code    10  stm32f10x_gpio.o(i.GPIO_WriteBit)
    GetChipID                                0x08001b71   Thumb Code    42  chipinfo.o(i.GetChipID)
    GetFlashCapacity                         0x08001bc5   Thumb Code    14  chipinfo.o(i.GetFlashCapacity)
    Get_Encoder                              0x08001bf9   Thumb Code   172  encoder.o(i.Get_Encoder)
    INC_SpdPIDCalc                           0x08001cb5   Thumb Code   148  pid.o(i.INC_SpdPIDCalc)
    LedGpioInit                              0x08001d9d   Thumb Code   194  gpio.o(i.LedGpioInit)
    LedToggle                                0x08001e71   Thumb Code     8  gpio.o(i.LedToggle)
    MemManage_Handler                        0x08001e79   Thumb Code     4  stm32f10x_it.o(i.MemManage_Handler)
    MotorSpeedSetOne                         0x08001e7d   Thumb Code    68  motor.o(i.MotorSpeedSetOne)
    NMI_Handler                              0x08001ec5   Thumb Code     2  stm32f10x_it.o(i.NMI_Handler)
    NVIC_Init                                0x08001ec9   Thumb Code   100  misc.o(i.NVIC_Init)
    NVIC_PriorityGroupConfig                 0x08001f39   Thumb Code    10  misc.o(i.NVIC_PriorityGroupConfig)
    PID_ParamInit                            0x08001f4d   Thumb Code    36  pid.o(i.PID_ParamInit)
    RCC_ADCCLKConfig                         0x08001f85   Thumb Code    18  stm32f10x_rcc.o(i.RCC_ADCCLKConfig)
    RCC_AHBPeriphClockCmd                    0x08001f9d   Thumb Code    26  stm32f10x_rcc.o(i.RCC_AHBPeriphClockCmd)
    RCC_APB1PeriphClockCmd                   0x08001fbd   Thumb Code    26  stm32f10x_rcc.o(i.RCC_APB1PeriphClockCmd)
    RCC_APB1PeriphResetCmd                   0x08001fdd   Thumb Code    26  stm32f10x_rcc.o(i.RCC_APB1PeriphResetCmd)
    RCC_APB2PeriphClockCmd                   0x08001ffd   Thumb Code    26  stm32f10x_rcc.o(i.RCC_APB2PeriphClockCmd)
    RCC_APB2PeriphResetCmd                   0x0800201d   Thumb Code    26  stm32f10x_rcc.o(i.RCC_APB2PeriphResetCmd)
    RCC_GetClocksFreq                        0x0800203d   Thumb Code   192  stm32f10x_rcc.o(i.RCC_GetClocksFreq)
    SVC_Handler                              0x08002111   Thumb Code     2  stm32f10x_it.o(i.SVC_Handler)
    Set_Joint_Angle                          0x080021fd   Thumb Code    90  encoder.o(i.Set_Joint_Angle)
    SysInit                                  0x08002269   Thumb Code    46  system.o(i.SysInit)
    SysTickInit                              0x08002299   Thumb Code    84  systick.o(i.SysTickInit)
    SysTick_Handler                          0x080022f9   Thumb Code    16  board.o(i.SysTick_Handler)
    SystemInit                               0x08002309   Thumb Code    78  system_stm32f10x.o(i.SystemInit)
    TIM3_Configuration                       0x080025a9   Thumb Code   174  bsptimer.o(i.TIM3_Configuration)
    TIM3_IRQHandler                          0x08002661   Thumb Code    58  stm32f10x_it.o(i.TIM3_IRQHandler)
    TIM5_Configuration                       0x080026a5   Thumb Code   128  bsptimer.o(i.TIM5_Configuration)
    TIM5_IRQHandler                          0x08002729   Thumb Code   176  stm32f10x_it.o(i.TIM5_IRQHandler)
    TIM6_Configuration                       0x080027e9   Thumb Code   110  bsptimer.o(i.TIM6_Configuration)
    TIM6_IRQHandler                          0x0800285d   Thumb Code   164  stm32f10x_it.o(i.TIM6_IRQHandler)
    TIM7_Configuration                       0x08002929   Thumb Code    62  bsptimer.o(i.TIM7_Configuration)
    TIM8_Configuration                       0x0800296d   Thumb Code   184  bsptimer.o(i.TIM8_Configuration)
    TIM_ARRPreloadConfig                     0x08002a2d   Thumb Code    24  stm32f10x_tim.o(i.TIM_ARRPreloadConfig)
    TIM_ClearFlag                            0x08002a45   Thumb Code     6  stm32f10x_tim.o(i.TIM_ClearFlag)
    TIM_ClearITPendingBit                    0x08002a4b   Thumb Code     6  stm32f10x_tim.o(i.TIM_ClearITPendingBit)
    TIM_Cmd                                  0x08002a51   Thumb Code    24  stm32f10x_tim.o(i.TIM_Cmd)
    TIM_CtrlPWMOutputs                       0x08002a69   Thumb Code    30  stm32f10x_tim.o(i.TIM_CtrlPWMOutputs)
    TIM_DeInit                               0x08002a89   Thumb Code   424  stm32f10x_tim.o(i.TIM_DeInit)
    TIM_EncoderInterfaceConfig               0x08002c71   Thumb Code    66  stm32f10x_tim.o(i.TIM_EncoderInterfaceConfig)
    TIM_GetCapture1                          0x08002cb3   Thumb Code     6  stm32f10x_tim.o(i.TIM_GetCapture1)
    TIM_GetCounter                           0x08002cb9   Thumb Code     6  stm32f10x_tim.o(i.TIM_GetCounter)
    TIM_GetITStatus                          0x08002cbf   Thumb Code    34  stm32f10x_tim.o(i.TIM_GetITStatus)
    TIM_ICInit                               0x08002ce1   Thumb Code   150  stm32f10x_tim.o(i.TIM_ICInit)
    TIM_ICStructInit                         0x08002d8d   Thumb Code    18  stm32f10x_tim.o(i.TIM_ICStructInit)
    TIM_ITConfig                             0x08002d9f   Thumb Code    18  stm32f10x_tim.o(i.TIM_ITConfig)
    TIM_InternalClockConfig                  0x08002db1   Thumb Code    12  stm32f10x_tim.o(i.TIM_InternalClockConfig)
    TIM_OC1Init                              0x08002dbd   Thumb Code   132  stm32f10x_tim.o(i.TIM_OC1Init)
    TIM_OC1PolarityConfig                    0x08002e55   Thumb Code    18  stm32f10x_tim.o(i.TIM_OC1PolarityConfig)
    TIM_OC1PreloadConfig                     0x08002e67   Thumb Code    18  stm32f10x_tim.o(i.TIM_OC1PreloadConfig)
    TIM_OC2Init                              0x08002e79   Thumb Code   154  stm32f10x_tim.o(i.TIM_OC2Init)
    TIM_OC2PreloadConfig                     0x08002f1d   Thumb Code    26  stm32f10x_tim.o(i.TIM_OC2PreloadConfig)
    TIM_SetCompare1                          0x08002f37   Thumb Code     4  stm32f10x_tim.o(i.TIM_SetCompare1)
    TIM_SetCompare2                          0x08002f3b   Thumb Code     4  stm32f10x_tim.o(i.TIM_SetCompare2)
    TIM_SetCounter                           0x08002f3f   Thumb Code     4  stm32f10x_tim.o(i.TIM_SetCounter)
    TIM_SetIC1Prescaler                      0x08002f43   Thumb Code    18  stm32f10x_tim.o(i.TIM_SetIC1Prescaler)
    TIM_SetIC2Prescaler                      0x08002f55   Thumb Code    26  stm32f10x_tim.o(i.TIM_SetIC2Prescaler)
    TIM_SetIC3Prescaler                      0x08002f6f   Thumb Code    18  stm32f10x_tim.o(i.TIM_SetIC3Prescaler)
    TIM_SetIC4Prescaler                      0x08002f81   Thumb Code    26  stm32f10x_tim.o(i.TIM_SetIC4Prescaler)
    TIM_TimeBaseInit                         0x08002f9d   Thumb Code   122  stm32f10x_tim.o(i.TIM_TimeBaseInit)
    TaskInit                                 0x08003041   Thumb Code   184  task.o(i.TaskInit)
    Tim1_int                                 0x0800315d   Thumb Code   152  bsptimer.o(i.Tim1_int)
    Tim2ModeInit                             0x080031fd   Thumb Code   142  bsptimer.o(i.Tim2ModeInit)
    TimNvicInit                              0x08003291   Thumb Code   120  bsptimer.o(i.TimNvicInit)
    Tim_Init                                 0x08003309   Thumb Code    36  bsptimer.o(i.Tim_Init)
    USART2_IRQHandler                        0x0800332d   Thumb Code   102  usart.o(i.USART2_IRQHandler)
    USART3_IRQHandler                        0x080033a5   Thumb Code    60  usart.o(i.USART3_IRQHandler)
    USART_ClearFlag                          0x080033e9   Thumb Code    18  stm32f10x_usart.o(i.USART_ClearFlag)
    USART_Cmd                                0x080033fb   Thumb Code    24  stm32f10x_usart.o(i.USART_Cmd)
    USART_DMACmd                             0x08003413   Thumb Code    18  stm32f10x_usart.o(i.USART_DMACmd)
    USART_DMA_INIT                           0x08003425   Thumb Code    76  dma.o(i.USART_DMA_INIT)
    USART_GetFlagStatus                      0x0800347d   Thumb Code    26  stm32f10x_usart.o(i.USART_GetFlagStatus)
    USART_ITConfig                           0x08003497   Thumb Code    74  stm32f10x_usart.o(i.USART_ITConfig)
    USART_Init                               0x080034e1   Thumb Code   210  stm32f10x_usart.o(i.USART_Init)
    USART_ReceiveData                        0x080035b9   Thumb Code    10  stm32f10x_usart.o(i.USART_ReceiveData)
    USART_SendData                           0x080035c3   Thumb Code     8  stm32f10x_usart.o(i.USART_SendData)
    UsageFault_Handler                       0x080035cb   Thumb Code     4  stm32f10x_it.o(i.UsageFault_Handler)
    UsartInit                                0x080035d1   Thumb Code   310  usart.o(i.UsartInit)
    __0printf                                0x08003715   Thumb Code    22  printfa.o(i.__0printf)
    __1printf                                0x08003715   Thumb Code     0  printfa.o(i.__0printf)
    __2printf                                0x08003715   Thumb Code     0  printfa.o(i.__0printf)
    __c89printf                              0x08003715   Thumb Code     0  printfa.o(i.__0printf)
    printf                                   0x08003715   Thumb Code     0  printfa.o(i.__0printf)
    __rt_ffs                                 0x08003735   Thumb Code    70  kservice.o(i.__rt_ffs)
    __scatterload_copy                       0x08003781   Thumb Code    14  handlers.o(i.__scatterload_copy)
    __scatterload_null                       0x0800378f   Thumb Code     2  handlers.o(i.__scatterload_null)
    __scatterload_zeroinit                   0x08003791   Thumb Code    14  handlers.o(i.__scatterload_zeroinit)
    button_process_init                      0x080042a5   Thumb Code    38  button.o(i.button_process_init)
    button_thread_entry                      0x080042e1   Thumb Code   314  button.o(i.button_thread_entry)
    cmd_free                                 0x080045a9   Thumb Code    14  msh.o(i.cmd_free)
    cmd_ps                                   0x080045b7   Thumb Code    14  msh.o(i.cmd_ps)
    finsh_get_prompt                         0x080045c5   Thumb Code    84  shell.o(i.finsh_get_prompt)
    finsh_set_prompt_mode                    0x08004641   Thumb Code    22  shell.o(i.finsh_set_prompt_mode)
    finsh_system_function_init               0x0800465d   Thumb Code    10  shell.o(i.finsh_system_function_init)
    finsh_system_init                        0x08004671   Thumb Code    98  shell.o(i.finsh_system_init)
    finsh_thread_entry                       0x0800470d   Thumb Code   936  shell.o(i.finsh_thread_entry)
    fputc                                    0x08004ad5   Thumb Code    32  usart.o(i.fputc)
    hello                                    0x08004b79   Thumb Code    12  cmd.o(i.hello)
    ifnum                                    0x08004b99   Thumb Code    66  usart.o(i.ifnum)
    led_thread_entry                         0x08004bdd   Thumb Code    20  task.o(i.led_thread_entry)
    list                                     0x08004bf5   Thumb Code    52  cmd.o(i.list)
    list_event                               0x08004c4d   Thumb Code   204  cmd.o(i.list_event)
    list_mailbox                             0x08004e45   Thumb Code   224  cmd.o(i.list_mailbox)
    list_mem                                 0x08004fa1   Thumb Code    34  mem.o(i.list_mem)
    list_msgqueue                            0x08005019   Thumb Code   216  cmd.o(i.list_msgqueue)
    list_mutex                               0x0800515d   Thumb Code   170  cmd.o(i.list_mutex)
    list_sem                                 0x0800526d   Thumb Code   216  cmd.o(i.list_sem)
    list_thread                              0x080053a5   Thumb Code   294  cmd.o(i.list_thread)
    list_timer                               0x08005589   Thumb Code   190  cmd.o(i.list_timer)
    $Super$$main                             0x080056e9   Thumb Code    16  main.o(i.main)
    main_thread_entry                        0x080056fd   Thumb Code    14  components.o(i.main_thread_entry)
    msg_process_thread_entry                 0x080057f5   Thumb Code    40  task.o(i.msg_process_thread_entry)
    msh_auto_complete                        0x08005841   Thumb Code   138  msh.o(i.msh_auto_complete)
    msh_exec                                 0x080058e1   Thumb Code    82  msh.o(i.msh_exec)
    msh_help                                 0x080059a9   Thumb Code    64  msh.o(i.msh_help)
    msh_is_used                              0x08005a1d   Thumb Code     4  msh.o(i.msh_is_used)
    rt_application_init                      0x08005d3d   Thumb Code    34  components.o(i.rt_application_init)
    rt_calloc                                0x08005d6d   Thumb Code    34  mem.o(i.rt_calloc)
    rt_components_board_init                 0x08005d91   Thumb Code    20  components.o(i.rt_components_board_init)
    rt_components_init                       0x08005dad   Thumb Code    20  components.o(i.rt_components_init)
    rt_enter_critical                        0x08005dc9   Thumb Code    28  scheduler.o(i.rt_enter_critical)
    rt_exit_critical                         0x08005de9   Thumb Code    60  scheduler.o(i.rt_exit_critical)
    rt_free                                  0x08005e2d   Thumb Code   128  mem.o(i.rt_free)
    rt_heap_begin_get                        0x08005f0d   Thumb Code     4  board.o(i.rt_heap_begin_get)
    rt_heap_end_get                          0x08005f15   Thumb Code     4  board.o(i.rt_heap_end_get)
    rt_hw_board_init                         0x08005f1d   Thumb Code    30  board.o(i.rt_hw_board_init)
    rt_hw_console_getchar                    0x08005f3d   Thumb Code    62  usart.o(i.rt_hw_console_getchar)
    rt_hw_console_output                     0x08005f81   Thumb Code    74  usart.o(i.rt_hw_console_output)
    rt_hw_hard_fault_exception               0x08005fd1   Thumb Code   198  cpuport.o(i.rt_hw_hard_fault_exception)
    rt_hw_stack_init                         0x080061d9   Thumb Code    70  cpuport.o(i.rt_hw_stack_init)
    rt_interrupt_enter                       0x08006225   Thumb Code    26  irq.o(i.rt_interrupt_enter)
    rt_interrupt_leave                       0x08006245   Thumb Code    26  irq.o(i.rt_interrupt_leave)
    rt_kprintf                               0x08006329   Thumb Code    44  kservice.o(i.rt_kprintf)
    rt_malloc                                0x0800640d   Thumb Code   336  mem.o(i.rt_malloc)
    rt_memcpy                                0x08006579   Thumb Code   124  kservice.o(i.rt_memcpy)
    rt_memmove                               0x080065f5   Thumb Code    66  kservice.o(i.rt_memmove)
    rt_memset                                0x08006637   Thumb Code    72  kservice.o(i.rt_memset)
    rt_mq_create                             0x0800667f   Thumb Code   128  ipc.o(i.rt_mq_create)
    rt_mq_delete                             0x080066ff   Thumb Code    28  ipc.o(i.rt_mq_delete)
    rt_mq_recv                               0x0800671b   Thumb Code   252  ipc.o(i.rt_mq_recv)
    rt_object_allocate                       0x08006817   Thumb Code    84  object.o(i.rt_object_allocate)
    rt_object_delete                         0x0800686b   Thumb Code    36  object.o(i.rt_object_delete)
    rt_object_detach                         0x0800688f   Thumb Code    30  object.o(i.rt_object_detach)
    rt_object_get_information                0x080068ad   Thumb Code    36  object.o(i.rt_object_get_information)
    rt_object_init                           0x080068d5   Thumb Code    86  object.o(i.rt_object_init)
    rt_object_is_systemobject                0x0800692b   Thumb Code    18  object.o(i.rt_object_is_systemobject)
    rt_schedule                              0x0800693d   Thumb Code   106  scheduler.o(i.rt_schedule)
    rt_schedule_insert_thread                0x080069c1   Thumb Code    72  scheduler.o(i.rt_schedule_insert_thread)
    rt_schedule_remove_thread                0x08006a11   Thumb Code    76  scheduler.o(i.rt_schedule_remove_thread)
    rt_sem_create                            0x08006a65   Thumb Code    42  ipc.o(i.rt_sem_create)
    rt_sem_init                              0x08006a8f   Thumb Code    38  ipc.o(i.rt_sem_init)
    rt_sem_release                           0x08006ab5   Thumb Code    58  ipc.o(i.rt_sem_release)
    rt_sem_take                              0x08006aef   Thumb Code   116  ipc.o(i.rt_sem_take)
    rt_show_version                          0x08006b65   Thumb Code    38  kservice.o(i.rt_show_version)
    rt_strlen                                0x08006c15   Thumb Code    18  kservice.o(i.rt_strlen)
    rt_strncpy                               0x08006c27   Thumb Code    52  kservice.o(i.rt_strncpy)
    rt_system_heap_init                      0x08006c5d   Thumb Code   160  mem.o(i.rt_system_heap_init)
    rt_system_scheduler_init                 0x08006d55   Thumb Code    52  scheduler.o(i.rt_system_scheduler_init)
    rt_system_scheduler_start                0x08006da1   Thumb Code    36  scheduler.o(i.rt_system_scheduler_start)
    rt_system_timer_init                     0x08006dd1   Thumb Code    24  timer.o(i.rt_system_timer_init)
    rt_system_timer_thread_init              0x08006ded   Thumb Code     2  timer.o(i.rt_system_timer_thread_init)
    rt_thread_create                         0x08006def   Thumb Code    80  thread.o(i.rt_thread_create)
    rt_thread_exit                           0x08006e41   Thumb Code    78  thread.o(i.rt_thread_exit)
    rt_thread_idle_excute                    0x08006ea1   Thumb Code   138  idle.o(i.rt_thread_idle_excute)
    rt_thread_idle_init                      0x08006f31   Thumb Code    38  idle.o(i.rt_thread_idle_init)
    rt_thread_init                           0x08006f6d   Thumb Code    52  thread.o(i.rt_thread_init)
    rt_thread_mdelay                         0x08006fa1   Thumb Code    20  thread.o(i.rt_thread_mdelay)
    rt_thread_resume                         0x08006fb5   Thumb Code    60  thread.o(i.rt_thread_resume)
    rt_thread_self                           0x08006ff1   Thumb Code     6  thread.o(i.rt_thread_self)
    rt_thread_sleep                          0x08006ffd   Thumb Code    62  thread.o(i.rt_thread_sleep)
    rt_thread_startup                        0x08007041   Thumb Code    44  thread.o(i.rt_thread_startup)
    rt_thread_suspend                        0x0800706d   Thumb Code    68  thread.o(i.rt_thread_suspend)
    rt_thread_timeout                        0x080070b1   Thumb Code    32  thread.o(i.rt_thread_timeout)
    rt_thread_yield                          0x080070d1   Thumb Code    92  thread.o(i.rt_thread_yield)
    rt_tick_from_millisecond                 0x08007135   Thumb Code    56  clock.o(i.rt_tick_from_millisecond)
    rt_tick_get                              0x0800716d   Thumb Code     6  clock.o(i.rt_tick_get)
    rt_tick_increase                         0x08007179   Thumb Code    42  clock.o(i.rt_tick_increase)
    rt_timer_check                           0x080071a9   Thumb Code   118  timer.o(i.rt_timer_check)
    rt_timer_control                         0x08007225   Thumb Code    56  timer.o(i.rt_timer_control)
    rt_timer_create                          0x0800725d   Thumb Code    54  timer.o(i.rt_timer_create)
    rt_timer_detach                          0x08007293   Thumb Code    32  timer.o(i.rt_timer_detach)
    rt_timer_init                            0x080072b3   Thumb Code    46  timer.o(i.rt_timer_init)
    rt_timer_start                           0x080072e1   Thumb Code   238  timer.o(i.rt_timer_start)
    rt_timer_stop                            0x080073d9   Thumb Code    48  timer.o(i.rt_timer_stop)
    rt_vsnprintf                             0x08007409   Thumb Code   808  kservice.o(i.rt_vsnprintf)
    rtthread_startup                         0x08007749   Thumb Code    42  components.o(i.rtthread_startup)
    usart2_recv_thread_entry                 0x0800790d   Thumb Code   178  task.o(i.usart2_recv_thread_entry)
    version                                  0x080079e5   Thumb Code    10  cmd.o(i.version)
    __fsym___cmd_BeepOn_name                 0x080079ee   Data          13  gpio.o(.constdata)
    __fsym___cmd_BeepOff_name                0x080079fb   Data          14  gpio.o(.constdata)
    __fsym___cmd_GetChipID_name              0x08007a09   Data          16  chipinfo.o(.constdata)
    __fsym___cmd_GetFlashCapacity_name       0x08007a19   Data          23  chipinfo.o(.constdata)
    __lowest_bit_bitmap                      0x08007a30   Data         256  kservice.o(.constdata)
    __fsym_list_mem_name                     0x08007b52   Data           9  mem.o(.constdata)
    __fsym_hello_name                        0x08007b5b   Data           6  cmd.o(.constdata)
    __fsym_version_name                      0x08007b61   Data           8  cmd.o(.constdata)
    __fsym___cmd_version_name                0x08007b69   Data          14  cmd.o(.constdata)
    __fsym_list_thread_name                  0x08007b77   Data          12  cmd.o(.constdata)
    __fsym___cmd_list_thread_name            0x08007b83   Data          18  cmd.o(.constdata)
    __fsym_list_sem_name                     0x08007b95   Data           9  cmd.o(.constdata)
    __fsym___cmd_list_sem_name               0x08007b9e   Data          15  cmd.o(.constdata)
    __fsym_list_event_name                   0x08007bad   Data          11  cmd.o(.constdata)
    __fsym___cmd_list_event_name             0x08007bb8   Data          17  cmd.o(.constdata)
    __fsym_list_mutex_name                   0x08007bc9   Data          11  cmd.o(.constdata)
    __fsym___cmd_list_mutex_name             0x08007bd4   Data          17  cmd.o(.constdata)
    __fsym_list_mailbox_name                 0x08007be5   Data          13  cmd.o(.constdata)
    __fsym___cmd_list_mailbox_name           0x08007bf2   Data          19  cmd.o(.constdata)
    __fsym_list_msgqueue_name                0x08007c05   Data          14  cmd.o(.constdata)
    __fsym___cmd_list_msgqueue_name          0x08007c13   Data          20  cmd.o(.constdata)
    __fsym_list_timer_name                   0x08007c27   Data          11  cmd.o(.constdata)
    __fsym___cmd_list_timer_name             0x08007c32   Data          17  cmd.o(.constdata)
    __fsym_list_name                         0x08007c43   Data           5  cmd.o(.constdata)
    __fsym___cmd_help_name                   0x08007c48   Data          11  msh.o(.constdata)
    __fsym___cmd_ps_name                     0x08007c53   Data           9  msh.o(.constdata)
    __fsym___cmd_free_name                   0x08007c5c   Data          11  msh.o(.constdata)
    __ctype_categories                       0x08007c67   Data          64  ctype_c.o(.constdata)
    __rt_init_rti_start                      0x08007d24   Data           4  components.o(.rti_fn.0)
    __rt_init_rti_board_start                0x08007d28   Data           4  components.o(.rti_fn.0.end)
    __rt_init_BeepGpioInit                   0x08007d2c   Data           4  gpio.o(.rti_fn.1)
    __rt_init_rti_board_end                  0x08007d30   Data           4  components.o(.rti_fn.1.end)
    __rt_init_button_process_init            0x08007d34   Data           4  button.o(.rti_fn.6)
    __rt_init_ADCProcessInit                 0x08007d38   Data           4  adc.o(.rti_fn.6)
    __rt_init_finsh_system_init              0x08007d3c   Data           4  shell.o(.rti_fn.6)
    __rt_init_rti_end                        0x08007d40   Data           4  components.o(.rti_fn.6.end)
    FSymTab$$Base                            0x08007d44   Number         0  gpio.o(FSymTab)
    __fsym___cmd_BeepOn                      0x08007d44   Data           8  gpio.o(FSymTab)
    __fsym___cmd_BeepOff                     0x08007d4c   Data           8  gpio.o(FSymTab)
    __fsym___cmd_GetChipID                   0x08007d54   Data           8  chipinfo.o(FSymTab)
    __fsym___cmd_GetFlashCapacity            0x08007d5c   Data           8  chipinfo.o(FSymTab)
    __fsym_list_mem                          0x08007d64   Data           8  mem.o(FSymTab)
    __fsym_hello                             0x08007d6c   Data           8  cmd.o(FSymTab)
    __fsym_version                           0x08007d74   Data           8  cmd.o(FSymTab)
    __fsym___cmd_version                     0x08007d7c   Data           8  cmd.o(FSymTab)
    __fsym_list_thread                       0x08007d84   Data           8  cmd.o(FSymTab)
    __fsym___cmd_list_thread                 0x08007d8c   Data           8  cmd.o(FSymTab)
    __fsym_list_sem                          0x08007d94   Data           8  cmd.o(FSymTab)
    __fsym___cmd_list_sem                    0x08007d9c   Data           8  cmd.o(FSymTab)
    __fsym_list_event                        0x08007da4   Data           8  cmd.o(FSymTab)
    __fsym___cmd_list_event                  0x08007dac   Data           8  cmd.o(FSymTab)
    __fsym_list_mutex                        0x08007db4   Data           8  cmd.o(FSymTab)
    __fsym___cmd_list_mutex                  0x08007dbc   Data           8  cmd.o(FSymTab)
    __fsym_list_mailbox                      0x08007dc4   Data           8  cmd.o(FSymTab)
    __fsym___cmd_list_mailbox                0x08007dcc   Data           8  cmd.o(FSymTab)
    __fsym_list_msgqueue                     0x08007dd4   Data           8  cmd.o(FSymTab)
    __fsym___cmd_list_msgqueue               0x08007ddc   Data           8  cmd.o(FSymTab)
    __fsym_list_timer                        0x08007de4   Data           8  cmd.o(FSymTab)
    __fsym___cmd_list_timer                  0x08007dec   Data           8  cmd.o(FSymTab)
    __fsym_list                              0x08007df4   Data           8  cmd.o(FSymTab)
    __fsym___cmd_help                        0x08007dfc   Data           8  msh.o(FSymTab)
    __fsym___cmd_ps                          0x08007e04   Data           8  msh.o(FSymTab)
    __fsym___cmd_free                        0x08007e0c   Data           8  msh.o(FSymTab)
    FSymTab$$Limit                           0x08007e14   Number         0  msh.o(FSymTab)
    Region$$Table$$Base                      0x08007e14   Number         0  anon$$obj.o(Region$$Table)
    Region$$Table$$Limit                     0x08007e34   Number         0  anon$$obj.o(Region$$Table)
    SystemCoreClock                          0x20000000   Data           4  system_stm32f10x.o(.data)
    AHBPrescTable                            0x20000004   Data          16  system_stm32f10x.o(.data)
    g_Var                                    0x20000028   Data           1  main.o(.data)
    usart2_recv_sem                          0x2000002c   Data           4  main.o(.data)
    msg_mq                                   0x20000030   Data           4  main.o(.data)
    ADCProcessSoftTimer                      0x20000034   Data           4  main.o(.data)
    Spd_RPM                                  0x20000038   Data           4  stm32f10x_it.o(.data)
    moto_pid_input                           0x2000003c   Data           4  stm32f10x_it.o(.data)
    moto_flag                                0x20000040   Data           1  stm32f10x_it.o(.data)
    TaskThreads                              0x20000048   Data          96  task.o(.data)
    g_USART1_RecPos                          0x200000a8   Data           2  usart.o(.data)
    g_USART2_RecPos                          0x200000aa   Data           2  usart.o(.data)
    g_USART3_RecPos                          0x200000ac   Data           2  usart.o(.data)
    ADCConvertedValue                        0x200000b4   Data           8  adc.o(.data)
    Spd_PPS                                  0x200000bc   Data           4  encoder.o(.data)
    R_motor_speed                            0x200000c0   Data           4  encoder.o(.data)
    V_motor_speed                            0x200000c4   Data           4  encoder.o(.data)
    R_encoder_speed                          0x200000c8   Data           4  encoder.o(.data)
    TARGET_SPEED                             0x200000cc   Data           4  pid.o(.data)
    TIM5CH1_CAPTURE_STA                      0x200000e0   Data           1  ultransonic.o(.data)
    TIM5CH1_CAPTURE_VAL_STA                  0x200000e2   Data           2  ultransonic.o(.data)
    TIM5CH1_CAPTURE_VAL_END                  0x200000e4   Data           2  ultransonic.o(.data)
    UM_counter                               0x200000e6   Data           1  ultransonic.o(.data)
    SUM                                      0x200000e8   Data           4  ultransonic.o(.data)
    MAX_Distance                             0x200000ec   Data           4  ultransonic.o(.data)
    MIN_Distance                             0x200000f0   Data           4  ultransonic.o(.data)
    Distance                                 0x200000f4   Data           4  ultransonic.o(.data)
    Distance_Average                         0x200000f8   Data           4  ultransonic.o(.data)
    rt_interrupt_nest                        0x20000100   Data           1  irq.o(.data)
    rt_current_thread                        0x20000190   Data           4  scheduler.o(.data)
    rt_current_priority                      0x20000194   Data           1  scheduler.o(.data)
    rt_thread_ready_priority_group           0x20000198   Data           4  scheduler.o(.data)
    rt_thread_defunct                        0x2000019c   Data           8  scheduler.o(.data)
    rt_interrupt_from_thread                 0x200001b0   Data           4  cpuport.o(.data)
    rt_interrupt_to_thread                   0x200001b4   Data           4  cpuport.o(.data)
    rt_thread_switch_interrupt_flag          0x200001b8   Data           4  cpuport.o(.data)
    _syscall_table_begin                     0x200001c0   Data           4  shell.o(.data)
    _syscall_table_end                       0x200001c4   Data           4  shell.o(.data)
    _sysvar_table_begin                      0x200001c8   Data           4  shell.o(.data)
    _sysvar_table_end                        0x200001cc   Data           4  shell.o(.data)
    shell                                    0x200001d0   Data           4  shell.o(.data)
    __stdout                                 0x200001d8   Data           4  stdout.o(.data)
    g_USART1_RxBuf                           0x200021dc   Data         256  usart.o(.bss)
    g_USART2_RxBuf                           0x200022dc   Data         256  usart.o(.bss)
    g_USART3_RxBuf                           0x200023dc   Data         256  usart.o(.bss)
    ChipUniqueID                             0x200024dc   Data          12  chipinfo.o(.bss)
    GetEncoder                               0x20002518   Data          12  encoder.o(.bss)
    sPID                                     0x20002524   Data          28  pid.o(.bss)
    SendBuff                                 0x20002540   Data        5000  dma.o(.bss)
    rt_thread_priority_table                 0x20003b00   Data         256  scheduler.o(.bss)
    __initial_sp                             0x20004088   Data           0  startup_stm32f10x_hd.o(STACK)



==============================================================================

Memory Map of the image

  Image Entry point : 0x08000131

  Load Region LR_IROM1 (Base: 0x08000000, Size: 0x00008010, Max: 0x00080000, ABSOLUTE, COMPRESSED[0x00007ebc])

    Execution Region ER_IROM1 (Base: 0x08000000, Size: 0x00007e34, Max: 0x00080000, ABSOLUTE)

    Base Addr    Size         Type   Attr      Idx    E Section Name        Object

    0x08000000   0x00000130   Data   RO            3    RESET               startup_stm32f10x_hd.o
    0x08000130   0x00000000   Code   RO         5364  * .ARM.Collect$$$$00000000  mc_w.l(entry.o)
    0x08000130   0x00000004   Code   RO         5707    .ARM.Collect$$$$00000001  mc_w.l(entry2.o)
    0x08000134   0x00000004   Code   RO         5710    .ARM.Collect$$$$00000004  mc_w.l(entry5.o)
    0x08000138   0x00000000   Code   RO         5712    .ARM.Collect$$$$00000008  mc_w.l(entry7b.o)
    0x08000138   0x00000000   Code   RO         5714    .ARM.Collect$$$$0000000A  mc_w.l(entry8b.o)
    0x08000138   0x00000008   Code   RO         5715    .ARM.Collect$$$$0000000B  mc_w.l(entry9a.o)
    0x08000140   0x00000000   Code   RO         5717    .ARM.Collect$$$$0000000D  mc_w.l(entry10a.o)
    0x08000140   0x00000000   Code   RO         5719    .ARM.Collect$$$$0000000F  mc_w.l(entry11a.o)
    0x08000140   0x00000004   Code   RO         5708    .ARM.Collect$$$$00002712  mc_w.l(entry2.o)
    0x08000144   0x00000024   Code   RO            4    .text               startup_stm32f10x_hd.o
    0x08000168   0x000000f4   Code   RO         5018    .text               context_rvds.o
    0x0800025c   0x00000024   Code   RO         5367    .text               mc_w.l(memcpya.o)
    0x08000280   0x00000024   Code   RO         5369    .text               mc_w.l(memseta.o)
    0x080002a4   0x00000018   Code   RO         5371    .text               mc_w.l(strcat.o)
    0x080002bc   0x00000024   Code   RO         5373    .text               mc_w.l(strstr.o)
    0x080002e0   0x00000018   Code   RO         5375    .text               mc_w.l(strncpy.o)
    0x080002f8   0x0000000e   Code   RO         5377    .text               mc_w.l(strlen.o)
    0x08000306   0x0000001c   Code   RO         5379    .text               mc_w.l(strcmp.o)
    0x08000322   0x00000012   Code   RO         5381    .text               mc_w.l(strcpy.o)
    0x08000334   0x0000001e   Code   RO         5383    .text               mc_w.l(strncmp.o)
    0x08000352   0x00000002   PAD
    0x08000354   0x00000038   Code   RO         5648    .text               mc_w.l(__0sscanf.o)
    0x0800038c   0x0000014c   Code   RO         5650    .text               mc_w.l(_scanf_int.o)
    0x080004d8   0x000000b0   Code   RO         5652    .text               mf_w.l(fadd.o)
    0x08000588   0x00000064   Code   RO         5654    .text               mf_w.l(fmul.o)
    0x080005ec   0x0000007c   Code   RO         5656    .text               mf_w.l(fdiv.o)
    0x08000668   0x0000014e   Code   RO         5658    .text               mf_w.l(dadd.o)
    0x080007b6   0x000000e4   Code   RO         5660    .text               mf_w.l(dmul.o)
    0x0800089a   0x000000de   Code   RO         5662    .text               mf_w.l(ddiv.o)
    0x08000978   0x00000012   Code   RO         5664    .text               mf_w.l(fflti.o)
    0x0800098a   0x0000000a   Code   RO         5666    .text               mf_w.l(ffltui.o)
    0x08000994   0x00000032   Code   RO         5670    .text               mf_w.l(ffixi.o)
    0x080009c6   0x00000028   Code   RO         5672    .text               mf_w.l(ffixui.o)
    0x080009ee   0x00000032   Code   RO         5674    .text               mf_w.l(dfixui.o)
    0x08000a20   0x00000026   Code   RO         5676    .text               mf_w.l(f2d.o)
    0x08000a46   0x00000002   PAD
    0x08000a48   0x00000030   Code   RO         5680    .text               mf_w.l(cdrcmple.o)
    0x08000a78   0x00000014   Code   RO         5684    .text               mf_w.l(cfcmple.o)
    0x08000a8c   0x00000014   Code   RO         5686    .text               mf_w.l(cfrcmple.o)
    0x08000aa0   0x0000002c   Code   RO         5722    .text               mc_w.l(uidiv.o)
    0x08000acc   0x00000062   Code   RO         5724    .text               mc_w.l(uldiv.o)
    0x08000b2e   0x0000001e   Code   RO         5726    .text               mc_w.l(llshl.o)
    0x08000b4c   0x00000020   Code   RO         5728    .text               mc_w.l(llushr.o)
    0x08000b6c   0x00000024   Code   RO         5730    .text               mc_w.l(llsshr.o)
    0x08000b90   0x0000001c   Code   RO         5739    .text               mc_w.l(_chval.o)
    0x08000bac   0x00000028   Code   RO         5741    .text               mc_w.l(scanf_char.o)
    0x08000bd4   0x00000040   Code   RO         5743    .text               mc_w.l(_sgetc.o)
    0x08000c14   0x00000000   Code   RO         5745    .text               mc_w.l(iusefp.o)
    0x08000c14   0x0000006e   Code   RO         5746    .text               mf_w.l(fepilogue.o)
    0x08000c82   0x000000ba   Code   RO         5748    .text               mf_w.l(depilogue.o)
    0x08000d3c   0x00000030   Code   RO         5756    .text               mf_w.l(dfixul.o)
    0x08000d6c   0x00000024   Code   RO         5758    .text               mc_w.l(init.o)
    0x08000d90   0x0000000a   Code   RO         5760    .text               mc_w.l(isspace_c.o)
    0x08000d9a   0x00000002   PAD
    0x08000d9c   0x0000032c   Code   RO         5762    .text               mc_w.l(_scanf.o)
    0x080010c8   0x00000028   Code   RO         5764    .text               mc_w.l(ctype_c.o)
    0x080010f0   0x00000056   Code   RO         5775    .text               mc_w.l(__dczerorl2.o)
    0x08001146   0x0000000a   Code   RO         3974    i.$Sub$$main        components.o
    0x08001150   0x0000003c   Code   RO         3705    i.ADCProcessInit    adc.o
    0x0800118c   0x00000068   Code   RO         3706    i.ADCProcessSoftTimer_callback  adc.o
    0x080011f4   0x00000016   Code   RO          183    i.ADC_Cmd           stm32f10x_adc.o
    0x0800120a   0x00000016   Code   RO          184    i.ADC_DMACmd        stm32f10x_adc.o
    0x08001220   0x00000014   Code   RO          191    i.ADC_GetCalibrationStatus  stm32f10x_adc.o
    0x08001234   0x00000014   Code   RO          197    i.ADC_GetResetCalibrationStatus  stm32f10x_adc.o
    0x08001248   0x00000050   Code   RO          201    i.ADC_Init          stm32f10x_adc.o
    0x08001298   0x000000b8   Code   RO          205    i.ADC_RegularChannelConfig  stm32f10x_adc.o
    0x08001350   0x0000000a   Code   RO          206    i.ADC_ResetCalibration  stm32f10x_adc.o
    0x0800135a   0x00000016   Code   RO          208    i.ADC_SoftwareStartConvCmd  stm32f10x_adc.o
    0x08001370   0x0000000a   Code   RO          210    i.ADC_StartCalibration  stm32f10x_adc.o
    0x0800137a   0x00000002   PAD
    0x0800137c   0x00000060   Code   RO         3707    i.AdcDMAInit        adc.o
    0x080013dc   0x00000024   Code   RO         3708    i.AdcGpioInit       adc.o
    0x08001400   0x00000010   Code   RO         3709    i.AdcInit           adc.o
    0x08001410   0x000000b0   Code   RO         3710    i.AdcModeInit       adc.o
    0x080014c0   0x00000048   Code   RO         3800    i.Angle_limi        motor.o
    0x08001508   0x0000002c   Code   RO         3402    i.BeepGpioInit      gpio.o
    0x08001534   0x00000014   Code   RO         3403    i.BeepOff           gpio.o
    0x08001548   0x00000014   Code   RO         3404    i.BeepOn            gpio.o
    0x0800155c   0x00000004   Code   RO         3215    i.BusFault_Handler  stm32f10x_it.o
    0x08001560   0x00000064   Code   RO         3581    i.ButtonGpioInit    button.o
    0x080015c4   0x0000000c   Code   RO         3582    i.ButtonInit        button.o
    0x080015d0   0x00000094   Code   RO         3584    i.ButtonVarInit     button.o
    0x08001664   0x0000000c   Code   RO         3286    i.CpuInit           system.o
    0x08001670   0x00000018   Code   RO          868    i.DMA_Cmd           stm32f10x_dma.o
    0x08001688   0x0000014c   Code   RO          869    i.DMA_DeInit        stm32f10x_dma.o
    0x080017d4   0x0000003c   Code   RO          874    i.DMA_Init          stm32f10x_dma.o
    0x08001810   0x00000002   Code   RO         3216    i.DebugMon_Handler  stm32f10x_it.o
    0x08001812   0x00000002   PAD
    0x08001814   0x00000028   Code   RO         3538    i.EXTI4_IRQHandler  exti.o
    0x0800183c   0x00000028   Code   RO         3539    i.EXTI9_5_IRQHandler  exti.o
    0x08001864   0x0000000c   Code   RO          938    i.EXTI_ClearFlag    stm32f10x_exti.o
    0x08001870   0x00000028   Code   RO          943    i.EXTI_GetITStatus  stm32f10x_exti.o
    0x08001898   0x00000094   Code   RO          944    i.EXTI_Init         stm32f10x_exti.o
    0x0800192c   0x0000002c   Code   RO         3540    i.ExtiGpioInit      exti.o
    0x08001958   0x00000010   Code   RO         3541    i.ExtiInit          exti.o
    0x08001968   0x0000004c   Code   RO         3542    i.ExtiModeInit      exti.o
    0x080019b4   0x0000003e   Code   RO         3543    i.ExtiNvicInit      exti.o
    0x080019f2   0x00000002   PAD
    0x080019f4   0x00000040   Code   RO         1289    i.GPIO_EXTILineConfig  stm32f10x_gpio.o
    0x08001a34   0x00000116   Code   RO         1292    i.GPIO_Init         stm32f10x_gpio.o
    0x08001b4a   0x00000012   Code   RO         1296    i.GPIO_ReadInputDataBit  stm32f10x_gpio.o
    0x08001b5c   0x00000004   Code   RO         1299    i.GPIO_ResetBits    stm32f10x_gpio.o
    0x08001b60   0x00000004   Code   RO         1300    i.GPIO_SetBits      stm32f10x_gpio.o
    0x08001b64   0x0000000a   Code   RO         1303    i.GPIO_WriteBit     stm32f10x_gpio.o
    0x08001b6e   0x00000002   PAD
    0x08001b70   0x00000054   Code   RO         3515    i.GetChipID         chipinfo.o
    0x08001bc4   0x00000034   Code   RO         3516    i.GetFlashCapacity  chipinfo.o
    0x08001bf8   0x000000bc   Code   RO         3753    i.Get_Encoder       encoder.o
    0x08001cb4   0x000000a0   Code   RO         3822    i.INC_SpdPIDCalc    pid.o
    0x08001d54   0x00000018   Code   RO         3585    i.IsKey1Down        button.o
    0x08001d6c   0x00000018   Code   RO         3586    i.IsKey2Down        button.o
    0x08001d84   0x00000018   Code   RO         3587    i.IsKey3Down        button.o
    0x08001d9c   0x000000d4   Code   RO         3405    i.LedGpioInit       gpio.o
    0x08001e70   0x00000008   Code   RO         3406    i.LedToggle         gpio.o
    0x08001e78   0x00000004   Code   RO         3217    i.MemManage_Handler  stm32f10x_it.o
    0x08001e7c   0x00000048   Code   RO         3801    i.MotorSpeedSetOne  motor.o
    0x08001ec4   0x00000002   Code   RO         3218    i.NMI_Handler       stm32f10x_it.o
    0x08001ec6   0x00000002   PAD
    0x08001ec8   0x00000070   Code   RO          137    i.NVIC_Init         misc.o
    0x08001f38   0x00000014   Code   RO          138    i.NVIC_PriorityGroupConfig  misc.o
    0x08001f4c   0x00000038   Code   RO         3823    i.PID_ParamInit     pid.o
    0x08001f84   0x00000018   Code   RO         1706    i.RCC_ADCCLKConfig  stm32f10x_rcc.o
    0x08001f9c   0x00000020   Code   RO         1707    i.RCC_AHBPeriphClockCmd  stm32f10x_rcc.o
    0x08001fbc   0x00000020   Code   RO         1708    i.RCC_APB1PeriphClockCmd  stm32f10x_rcc.o
    0x08001fdc   0x00000020   Code   RO         1709    i.RCC_APB1PeriphResetCmd  stm32f10x_rcc.o
    0x08001ffc   0x00000020   Code   RO         1710    i.RCC_APB2PeriphClockCmd  stm32f10x_rcc.o
    0x0800201c   0x00000020   Code   RO         1711    i.RCC_APB2PeriphResetCmd  stm32f10x_rcc.o
    0x0800203c   0x000000d4   Code   RO         1718    i.RCC_GetClocksFreq  stm32f10x_rcc.o
    0x08002110   0x00000002   Code   RO         3219    i.SVC_Handler       stm32f10x_it.o
    0x08002112   0x00000008   Code   RO           24    i.SetSysClock       system_stm32f10x.o
    0x0800211a   0x00000002   PAD
    0x0800211c   0x000000e0   Code   RO           25    i.SetSysClockTo72   system_stm32f10x.o
    0x080021fc   0x0000006c   Code   RO         3754    i.Set_Joint_Angle   encoder.o
    0x08002268   0x0000002e   Code   RO         3287    i.SysInit           system.o
    0x08002296   0x00000002   PAD
    0x08002298   0x00000060   Code   RO         3374    i.SysTickInit       systick.o
    0x080022f8   0x00000010   Code   RO         3308    i.SysTick_Handler   board.o
    0x08002308   0x00000060   Code   RO           27    i.SystemInit        system_stm32f10x.o
    0x08002368   0x00000080   Code   RO         2326    i.TI1_Config        stm32f10x_tim.o
    0x080023e8   0x00000098   Code   RO         2327    i.TI2_Config        stm32f10x_tim.o
    0x08002480   0x00000090   Code   RO         2328    i.TI3_Config        stm32f10x_tim.o
    0x08002510   0x00000098   Code   RO         2329    i.TI4_Config        stm32f10x_tim.o
    0x080025a8   0x000000b8   Code   RO         3645    i.TIM3_Configuration  bsptimer.o
    0x08002660   0x00000044   Code   RO         3220    i.TIM3_IRQHandler   stm32f10x_it.o
    0x080026a4   0x00000084   Code   RO         3646    i.TIM5_Configuration  bsptimer.o
    0x08002728   0x000000c0   Code   RO         3221    i.TIM5_IRQHandler   stm32f10x_it.o
    0x080027e8   0x00000074   Code   RO         3647    i.TIM6_Configuration  bsptimer.o
    0x0800285c   0x000000cc   Code   RO         3222    i.TIM6_IRQHandler   stm32f10x_it.o
    0x08002928   0x00000044   Code   RO         3648    i.TIM7_Configuration  bsptimer.o
    0x0800296c   0x000000c0   Code   RO         3649    i.TIM8_Configuration  bsptimer.o
    0x08002a2c   0x00000018   Code   RO         2330    i.TIM_ARRPreloadConfig  stm32f10x_tim.o
    0x08002a44   0x00000006   Code   RO         2336    i.TIM_ClearFlag     stm32f10x_tim.o
    0x08002a4a   0x00000006   Code   RO         2337    i.TIM_ClearITPendingBit  stm32f10x_tim.o
    0x08002a50   0x00000018   Code   RO         2342    i.TIM_Cmd           stm32f10x_tim.o
    0x08002a68   0x0000001e   Code   RO         2344    i.TIM_CtrlPWMOutputs  stm32f10x_tim.o
    0x08002a86   0x00000002   PAD
    0x08002a88   0x000001e8   Code   RO         2347    i.TIM_DeInit        stm32f10x_tim.o
    0x08002c70   0x00000042   Code   RO         2351    i.TIM_EncoderInterfaceConfig  stm32f10x_tim.o
    0x08002cb2   0x00000006   Code   RO         2357    i.TIM_GetCapture1   stm32f10x_tim.o
    0x08002cb8   0x00000006   Code   RO         2361    i.TIM_GetCounter    stm32f10x_tim.o
    0x08002cbe   0x00000022   Code   RO         2363    i.TIM_GetITStatus   stm32f10x_tim.o
    0x08002ce0   0x000000ac   Code   RO         2365    i.TIM_ICInit        stm32f10x_tim.o
    0x08002d8c   0x00000012   Code   RO         2366    i.TIM_ICStructInit  stm32f10x_tim.o
    0x08002d9e   0x00000012   Code   RO         2367    i.TIM_ITConfig      stm32f10x_tim.o
    0x08002db0   0x0000000c   Code   RO         2369    i.TIM_InternalClockConfig  stm32f10x_tim.o
    0x08002dbc   0x00000098   Code   RO         2371    i.TIM_OC1Init       stm32f10x_tim.o
    0x08002e54   0x00000012   Code   RO         2373    i.TIM_OC1PolarityConfig  stm32f10x_tim.o
    0x08002e66   0x00000012   Code   RO         2374    i.TIM_OC1PreloadConfig  stm32f10x_tim.o
    0x08002e78   0x000000a4   Code   RO         2376    i.TIM_OC2Init       stm32f10x_tim.o
    0x08002f1c   0x0000001a   Code   RO         2379    i.TIM_OC2PreloadConfig  stm32f10x_tim.o
    0x08002f36   0x00000004   Code   RO         2403    i.TIM_SetCompare1   stm32f10x_tim.o
    0x08002f3a   0x00000004   Code   RO         2404    i.TIM_SetCompare2   stm32f10x_tim.o
    0x08002f3e   0x00000004   Code   RO         2407    i.TIM_SetCounter    stm32f10x_tim.o
    0x08002f42   0x00000012   Code   RO         2408    i.TIM_SetIC1Prescaler  stm32f10x_tim.o
    0x08002f54   0x0000001a   Code   RO         2409    i.TIM_SetIC2Prescaler  stm32f10x_tim.o
    0x08002f6e   0x00000012   Code   RO         2410    i.TIM_SetIC3Prescaler  stm32f10x_tim.o
    0x08002f80   0x0000001a   Code   RO         2411    i.TIM_SetIC4Prescaler  stm32f10x_tim.o
    0x08002f9a   0x00000002   PAD
    0x08002f9c   0x000000a4   Code   RO         2413    i.TIM_TimeBaseInit  stm32f10x_tim.o
    0x08003040   0x0000011c   Code   RO         3340    i.TaskInit          task.o
    0x0800315c   0x000000a0   Code   RO         3650    i.Tim1_int          bsptimer.o
    0x080031fc   0x00000094   Code   RO         3651    i.Tim2ModeInit      bsptimer.o
    0x08003290   0x00000078   Code   RO         3652    i.TimNvicInit       bsptimer.o
    0x08003308   0x00000024   Code   RO         3653    i.Tim_Init          bsptimer.o
    0x0800332c   0x00000078   Code   RO         3443    i.USART2_IRQHandler  usart.o
    0x080033a4   0x00000044   Code   RO         3444    i.USART3_IRQHandler  usart.o
    0x080033e8   0x00000012   Code   RO         2874    i.USART_ClearFlag   stm32f10x_usart.o
    0x080033fa   0x00000018   Code   RO         2878    i.USART_Cmd         stm32f10x_usart.o
    0x08003412   0x00000012   Code   RO         2879    i.USART_DMACmd      stm32f10x_usart.o
    0x08003424   0x00000058   Code   RO         3918    i.USART_DMA_INIT    dma.o
    0x0800347c   0x0000001a   Code   RO         2881    i.USART_GetFlagStatus  stm32f10x_usart.o
    0x08003496   0x0000004a   Code   RO         2884    i.USART_ITConfig    stm32f10x_usart.o
    0x080034e0   0x000000d8   Code   RO         2885    i.USART_Init        stm32f10x_usart.o
    0x080035b8   0x0000000a   Code   RO         2892    i.USART_ReceiveData  stm32f10x_usart.o
    0x080035c2   0x00000008   Code   RO         2895    i.USART_SendData    stm32f10x_usart.o
    0x080035ca   0x00000004   Code   RO         3223    i.UsageFault_Handler  stm32f10x_it.o
    0x080035ce   0x00000002   PAD
    0x080035d0   0x00000144   Code   RO         3445    i.UsartInit         usart.o
    0x08003714   0x00000020   Code   RO         5620    i.__0printf         mc_w.l(printfa.o)
    0x08003734   0x0000004c   Code   RO         4387    i.__rt_ffs          kservice.o
    0x08003780   0x0000000e   Code   RO         5769    i.__scatterload_copy  mc_w.l(handlers.o)
    0x0800378e   0x00000002   Code   RO         5770    i.__scatterload_null  mc_w.l(handlers.o)
    0x08003790   0x0000000e   Code   RO         5771    i.__scatterload_zeroinit  mc_w.l(handlers.o)
    0x0800379e   0x00000002   PAD
    0x080037a0   0x00000164   Code   RO         5627    i._fp_digits        mc_w.l(printfa.o)
    0x08003904   0x00000014   Code   RO         4048    i._has_defunct_thread  idle.o
    0x08003918   0x0000006a   Code   RO         5185    i._msh_exec_cmd     msh.o
    0x08003982   0x00000002   PAD
    0x08003984   0x000006dc   Code   RO         5628    i._printf_core      mc_w.l(printfa.o)
    0x08004060   0x00000024   Code   RO         5629    i._printf_post_padding  mc_w.l(printfa.o)
    0x08004084   0x0000002e   Code   RO         5630    i._printf_pre_padding  mc_w.l(printfa.o)
    0x080040b2   0x00000002   PAD
    0x080040b4   0x00000084   Code   RO         4790    i._rt_thread_init   thread.o
    0x08004138   0x00000042   Code   RO         4911    i._rt_timer_init    timer.o
    0x0800417a   0x0000002e   Code   RO         4912    i._rt_timer_remove  timer.o
    0x080041a8   0x000000fc   Code   RO         5022    i.bus_fault_track   cpuport.o
    0x080042a4   0x0000003c   Code   RO         3588    i.button_process_init  button.o
    0x080042e0   0x000002c8   Code   RO         3589    i.button_thread_entry  button.o
    0x080045a8   0x0000000e   Code   RO         5186    i.cmd_free          msh.o
    0x080045b6   0x0000000e   Code   RO         5187    i.cmd_ps            msh.o
    0x080045c4   0x00000074   Code   RO         5258    i.finsh_get_prompt  shell.o
    0x08004638   0x00000008   Code   RO         5260    i.finsh_getchar     shell.o
    0x08004640   0x0000001c   Code   RO         5263    i.finsh_set_prompt_mode  shell.o
    0x0800465c   0x00000014   Code   RO         5264    i.finsh_system_function_init  shell.o
    0x08004670   0x0000009c   Code   RO         5265    i.finsh_system_init  shell.o
    0x0800470c   0x000003c8   Code   RO         5267    i.finsh_thread_entry  shell.o
    0x08004ad4   0x00000024   Code   RO         3448    i.fputc             usart.o
    0x08004af8   0x00000080   Code   RO         5023    i.hard_fault_track  cpuport.o
    0x08004b78   0x00000020   Code   RO         5081    i.hello             cmd.o
    0x08004b98   0x00000042   Code   RO         3450    i.ifnum             usart.o
    0x08004bda   0x00000002   PAD
    0x08004bdc   0x00000018   Code   RO         3341    i.led_thread_entry  task.o
    0x08004bf4   0x00000058   Code   RO         5082    i.list              cmd.o
    0x08004c4c   0x00000144   Code   RO         5083    i.list_event        cmd.o
    0x08004d90   0x0000002a   Code   RO         5084    i.list_find_init    cmd.o
    0x08004dba   0x00000088   Code   RO         5085    i.list_get_next     cmd.o
    0x08004e42   0x00000002   PAD
    0x08004e44   0x0000015c   Code   RO         5086    i.list_mailbox      cmd.o
    0x08004fa0   0x00000078   Code   RO         4564    i.list_mem          mem.o
    0x08005018   0x00000144   Code   RO         5087    i.list_msgqueue     cmd.o
    0x0800515c   0x00000110   Code   RO         5088    i.list_mutex        cmd.o
    0x0800526c   0x00000138   Code   RO         5089    i.list_sem          cmd.o
    0x080053a4   0x000001e4   Code   RO         5090    i.list_thread       cmd.o
    0x08005588   0x00000160   Code   RO         5091    i.list_timer        cmd.o
    0x080056e8   0x00000014   Code   RO         3108    i.main              main.o
    0x080056fc   0x0000000e   Code   RO         3975    i.main_thread_entry  components.o
    0x0800570a   0x00000002   PAD
    0x0800570c   0x000000e8   Code   RO         5024    i.mem_manage_fault_track  cpuport.o
    0x080057f4   0x0000004c   Code   RO         3342    i.msg_process_thread_entry  task.o
    0x08005840   0x000000a0   Code   RO         5188    i.msh_auto_complete  msh.o
    0x080058e0   0x0000006c   Code   RO         5189    i.msh_exec          msh.o
    0x0800594c   0x0000005c   Code   RO         5190    i.msh_get_cmd       msh.o
    0x080059a8   0x00000074   Code   RO         5191    i.msh_help          msh.o
    0x08005a1c   0x00000004   Code   RO         5192    i.msh_is_used       msh.o
    0x08005a20   0x000000f0   Code   RO         5193    i.msh_split         msh.o
    0x08005b10   0x0000001c   Code   RO         5092    i.object_split      cmd.o
    0x08005b2c   0x00000078   Code   RO         4565    i.plug_holes        mem.o
    0x08005ba4   0x00000198   Code   RO         4389    i.print_number      kservice.o
    0x08005d3c   0x00000030   Code   RO         3976    i.rt_application_init  components.o
    0x08005d6c   0x00000022   Code   RO         4566    i.rt_calloc         mem.o
    0x08005d8e   0x00000002   PAD
    0x08005d90   0x0000001c   Code   RO         3977    i.rt_components_board_init  components.o
    0x08005dac   0x0000001c   Code   RO         3978    i.rt_components_init  components.o
    0x08005dc8   0x00000020   Code   RO         4718    i.rt_enter_critical  scheduler.o
    0x08005de8   0x00000044   Code   RO         4719    i.rt_exit_critical  scheduler.o
    0x08005e2c   0x000000e0   Code   RO         4567    i.rt_free           mem.o
    0x08005f0c   0x00000008   Code   RO         3309    i.rt_heap_begin_get  board.o
    0x08005f14   0x00000008   Code   RO         3310    i.rt_heap_end_get   board.o
    0x08005f1c   0x0000001e   Code   RO         3311    i.rt_hw_board_init  board.o
    0x08005f3a   0x00000002   PAD
    0x08005f3c   0x00000044   Code   RO         3451    i.rt_hw_console_getchar  usart.o
    0x08005f80   0x00000050   Code   RO         3452    i.rt_hw_console_output  usart.o
    0x08005fd0   0x00000208   Code   RO         5028    i.rt_hw_hard_fault_exception  cpuport.o
    0x080061d8   0x0000004c   Code   RO         5029    i.rt_hw_stack_init  cpuport.o
    0x08006224   0x00000020   Code   RO         4360    i.rt_interrupt_enter  irq.o
    0x08006244   0x00000020   Code   RO         4362    i.rt_interrupt_leave  irq.o
    0x08006264   0x00000014   Code   RO         4095    i.rt_ipc_list_resume  ipc.o
    0x08006278   0x00000032   Code   RO         4096    i.rt_ipc_list_resume_all  ipc.o
    0x080062aa   0x0000006c   Code   RO         4097    i.rt_ipc_list_suspend  ipc.o
    0x08006316   0x00000010   Code   RO         4098    i.rt_ipc_object_init  ipc.o
    0x08006326   0x00000002   PAD
    0x08006328   0x00000030   Code   RO         4393    i.rt_kprintf        kservice.o
    0x08006358   0x00000006   Code   RO         4099    i.rt_list_init      ipc.o
    0x0800635e   0x00000006   Code   RO         4720    i.rt_list_init      scheduler.o
    0x08006364   0x00000006   Code   RO         4913    i.rt_list_init      timer.o
    0x0800636a   0x0000000e   Code   RO         4642    i.rt_list_insert_after  object.o
    0x08006378   0x0000000e   Code   RO         4791    i.rt_list_insert_after  thread.o
    0x08006386   0x0000000e   Code   RO         4914    i.rt_list_insert_after  timer.o
    0x08006394   0x0000000e   Code   RO         4100    i.rt_list_insert_before  ipc.o
    0x080063a2   0x00000010   Code   RO         4101    i.rt_list_isempty   ipc.o
    0x080063b2   0x00000010   Code   RO         4915    i.rt_list_isempty   timer.o
    0x080063c2   0x00000010   Code   RO         5093    i.rt_list_isempty   cmd.o
    0x080063d2   0x00000014   Code   RO         5094    i.rt_list_len       cmd.o
    0x080063e6   0x00000012   Code   RO         4643    i.rt_list_remove    object.o
    0x080063f8   0x00000012   Code   RO         4792    i.rt_list_remove    thread.o
    0x0800640a   0x00000002   PAD
    0x0800640c   0x0000016c   Code   RO         4568    i.rt_malloc         mem.o
    0x08006578   0x0000007c   Code   RO         4397    i.rt_memcpy         kservice.o
    0x080065f4   0x00000042   Code   RO         4398    i.rt_memmove        kservice.o
    0x08006636   0x00000048   Code   RO         4399    i.rt_memset         kservice.o
    0x0800667e   0x00000080   Code   RO         4111    i.rt_mq_create      ipc.o
    0x080066fe   0x0000001c   Code   RO         4112    i.rt_mq_delete      ipc.o
    0x0800671a   0x000000fc   Code   RO         4115    i.rt_mq_recv        ipc.o
    0x08006816   0x00000054   Code   RO         4644    i.rt_object_allocate  object.o
    0x0800686a   0x00000024   Code   RO         4645    i.rt_object_delete  object.o
    0x0800688e   0x0000001e   Code   RO         4646    i.rt_object_detach  object.o
    0x080068ac   0x00000028   Code   RO         4648    i.rt_object_get_information  object.o
    0x080068d4   0x00000056   Code   RO         4650    i.rt_object_init    object.o
    0x0800692a   0x00000012   Code   RO         4651    i.rt_object_is_systemobject  object.o
    0x0800693c   0x00000084   Code   RO         4721    i.rt_schedule       scheduler.o
    0x080069c0   0x00000050   Code   RO         4722    i.rt_schedule_insert_thread  scheduler.o
    0x08006a10   0x00000054   Code   RO         4723    i.rt_schedule_remove_thread  scheduler.o
    0x08006a64   0x0000002a   Code   RO         4126    i.rt_sem_create     ipc.o
    0x08006a8e   0x00000026   Code   RO         4129    i.rt_sem_init       ipc.o
    0x08006ab4   0x0000003a   Code   RO         4130    i.rt_sem_release    ipc.o
    0x08006aee   0x00000074   Code   RO         4131    i.rt_sem_take       ipc.o
    0x08006b62   0x00000002   PAD
    0x08006b64   0x000000b0   Code   RO         4401    i.rt_show_version   kservice.o
    0x08006c14   0x00000012   Code   RO         4407    i.rt_strlen         kservice.o
    0x08006c26   0x00000034   Code   RO         4409    i.rt_strncpy        kservice.o
    0x08006c5a   0x00000002   PAD
    0x08006c5c   0x000000f8   Code   RO         4571    i.rt_system_heap_init  mem.o
    0x08006d54   0x0000004c   Code   RO         4724    i.rt_system_scheduler_init  scheduler.o
    0x08006da0   0x00000030   Code   RO         4725    i.rt_system_scheduler_start  scheduler.o
    0x08006dd0   0x0000001c   Code   RO         4916    i.rt_system_timer_init  timer.o
    0x08006dec   0x00000002   Code   RO         4917    i.rt_system_timer_thread_init  timer.o
    0x08006dee   0x00000050   Code   RO         4794    i.rt_thread_create  thread.o
    0x08006e3e   0x00000002   PAD
    0x08006e40   0x00000058   Code   RO         4798    i.rt_thread_exit    thread.o
    0x08006e98   0x00000008   Code   RO         4049    i.rt_thread_idle_entry  idle.o
    0x08006ea0   0x00000090   Code   RO         4050    i.rt_thread_idle_excute  idle.o
    0x08006f30   0x0000003c   Code   RO         4052    i.rt_thread_idle_init  idle.o
    0x08006f6c   0x00000034   Code   RO         4800    i.rt_thread_init    thread.o
    0x08006fa0   0x00000014   Code   RO         4801    i.rt_thread_mdelay  thread.o
    0x08006fb4   0x0000003c   Code   RO         4802    i.rt_thread_resume  thread.o
    0x08006ff0   0x0000000c   Code   RO         4803    i.rt_thread_self    thread.o
    0x08006ffc   0x00000044   Code   RO         4804    i.rt_thread_sleep   thread.o
    0x08007040   0x0000002c   Code   RO         4805    i.rt_thread_startup  thread.o
    0x0800706c   0x00000044   Code   RO         4806    i.rt_thread_suspend  thread.o
    0x080070b0   0x00000020   Code   RO         4807    i.rt_thread_timeout  thread.o
    0x080070d0   0x00000064   Code   RO         4808    i.rt_thread_yield   thread.o
    0x08007134   0x00000038   Code   RO         3937    i.rt_tick_from_millisecond  clock.o
    0x0800716c   0x0000000c   Code   RO         3938    i.rt_tick_get       clock.o
    0x08007178   0x00000030   Code   RO         3939    i.rt_tick_increase  clock.o
    0x080071a8   0x0000007c   Code   RO         4918    i.rt_timer_check    timer.o
    0x08007224   0x00000038   Code   RO         4919    i.rt_timer_control  timer.o
    0x0800725c   0x00000036   Code   RO         4920    i.rt_timer_create   timer.o
    0x08007292   0x00000020   Code   RO         4922    i.rt_timer_detach   timer.o
    0x080072b2   0x0000002e   Code   RO         4923    i.rt_timer_init     timer.o
    0x080072e0   0x000000f8   Code   RO         4926    i.rt_timer_start    timer.o
    0x080073d8   0x00000030   Code   RO         4927    i.rt_timer_stop     timer.o
    0x08007408   0x00000330   Code   RO         4412    i.rt_vsnprintf      kservice.o
    0x08007738   0x00000004   Code   RO         3979    i.rti_board_end     components.o
    0x0800773c   0x00000004   Code   RO         3980    i.rti_board_start   components.o
    0x08007740   0x00000004   Code   RO         3981    i.rti_end           components.o
    0x08007744   0x00000004   Code   RO         3982    i.rti_start         components.o
    0x08007748   0x0000002a   Code   RO         3983    i.rtthread_startup  components.o
    0x08007772   0x00000002   PAD
    0x08007774   0x00000038   Code   RO         5268    i.shell_auto_complete  shell.o
    0x080077ac   0x00000030   Code   RO         5095    i.show_wait_queue   cmd.o
    0x080077dc   0x00000026   Code   RO         4414    i.skip_atoi         kservice.o
    0x08007802   0x00000020   Code   RO         5194    i.str_common        msh.o
    0x08007822   0x00000002   PAD
    0x08007824   0x000000e8   Code   RO         5030    i.usage_fault_track  cpuport.o
    0x0800790c   0x000000d8   Code   RO         3343    i.usart2_recv_thread_entry  task.o
    0x080079e4   0x0000000a   Code   RO         5096    i.version           cmd.o
    0x080079ee   0x0000001b   Data   RO         3407    .constdata          gpio.o
    0x08007a09   0x00000027   Data   RO         3518    .constdata          chipinfo.o
    0x08007a30   0x00000122   Data   RO         4416    .constdata          kservice.o
    0x08007b52   0x00000009   Data   RO         4573    .constdata          mem.o
    0x08007b5b   0x000000ed   Data   RO         5097    .constdata          cmd.o
    0x08007c48   0x0000001f   Data   RO         5195    .constdata          msh.o
    0x08007c67   0x00000040   Data   RO         5765    .constdata          mc_w.l(ctype_c.o)
    0x08007ca7   0x00000001   PAD
    0x08007ca8   0x00000035   Data   RO         3344    .conststring        task.o
    0x08007cdd   0x00000003   PAD
    0x08007ce0   0x00000044   Data   RO         5098    .conststring        cmd.o
    0x08007d24   0x00000004   Data   RO         3984    .rti_fn.0           components.o
    0x08007d28   0x00000004   Data   RO         3985    .rti_fn.0.end       components.o
    0x08007d2c   0x00000004   Data   RO         3408    .rti_fn.1           gpio.o
    0x08007d30   0x00000004   Data   RO         3986    .rti_fn.1.end       components.o
    0x08007d34   0x00000004   Data   RO         3592    .rti_fn.6           button.o
    0x08007d38   0x00000004   Data   RO         3712    .rti_fn.6           adc.o
    0x08007d3c   0x00000004   Data   RO         5271    .rti_fn.6           shell.o
    0x08007d40   0x00000004   Data   RO         3987    .rti_fn.6.end       components.o
    0x08007d44   0x00000010   Data   RO         3409    FSymTab             gpio.o
    0x08007d54   0x00000010   Data   RO         3519    FSymTab             chipinfo.o
    0x08007d64   0x00000008   Data   RO         4575    FSymTab             mem.o
    0x08007d6c   0x00000090   Data   RO         5099    FSymTab             cmd.o
    0x08007dfc   0x00000018   Data   RO         5196    FSymTab             msh.o
    0x08007e14   0x00000020   Data   RO         5767    Region$$Table       anon$$obj.o


    Execution Region RW_IRAM1 (Base: 0x20000000, Size: 0x00004088, Max: 0x00010000, ABSOLUTE, COMPRESSED[0x00000088])

    Base Addr    Size         Type   Attr      Idx    E Section Name        Object

    0x20000000   0x00000014   Data   RW           28    .data               system_stm32f10x.o
    0x20000014   0x00000014   Data   RW         1738    .data               stm32f10x_rcc.o
    0x20000028   0x00000010   Data   RW         3109    .data               main.o
    0x20000038   0x00000009   Data   RW         3224    .data               stm32f10x_it.o
    0x20000041   0x00000003   PAD
    0x20000044   0x00000064   Data   RW         3345    .data               task.o
    0x200000a8   0x00000006   Data   RW         3454    .data               usart.o
    0x200000ae   0x00000002   PAD
    0x200000b0   0x00000004   Data   RW         3591    .data               button.o
    0x200000b4   0x00000008   Data   RW         3711    .data               adc.o
    0x200000bc   0x00000010   Data   RW         3759    .data               encoder.o
    0x200000cc   0x00000014   Data   RW         3826    .data               pid.o
    0x200000e0   0x0000001c   Data   RW         3858    .data               ultransonic.o
    0x200000fc   0x00000004   Data   RW         3941    .data               clock.o
    0x20000100   0x00000001   Data   RW         4363    .data               irq.o
    0x20000101   0x00000003   PAD
    0x20000104   0x00000018   Data   RW         4574    .data               mem.o
    0x2000011c   0x00000070   Data   RW         4653    .data               object.o
    0x2000018c   0x00000018   Data   RW         4727    .data               scheduler.o
    0x200001a4   0x0000000c   Data   RW         4928    .data               timer.o
    0x200001b0   0x00000010   Data   RW         5031    .data               cpuport.o
    0x200001c0   0x00000018   Data   RW         5270    .data               shell.o
    0x200001d8   0x00000004   Data   RW         5721    .data               mc_w.l(stdout.o)
    0x200001dc   0x00002000   Zero   RW         3312    .bss                board.o
    0x200021dc   0x00000300   Zero   RW         3453    .bss                usart.o
    0x200024dc   0x0000000c   Zero   RW         3517    .bss                chipinfo.o
    0x200024e8   0x00000030   Zero   RW         3590    .bss                button.o
    0x20002518   0x0000000c   Zero   RW         3758    .bss                encoder.o
    0x20002524   0x0000001c   Zero   RW         3825    .bss                pid.o
    0x20002540   0x00001388   Zero   RW         3919    .bss                dma.o
    0x200038c8   0x00000190   Zero   RW         4053    .bss                idle.o
    0x20003a58   0x00000080   Zero   RW         4415    .bss                kservice.o
    0x20003ad8   0x00000028   Zero   RW         4572    .bss                mem.o
    0x20003b00   0x00000100   Zero   RW         4726    .bss                scheduler.o
    0x20003c00   0x00000081   Zero   RW         5269    .bss                shell.o
    0x20003c81   0x00000007   PAD
    0x20003c88   0x00000400   Zero   RW            1    STACK               startup_stm32f10x_hd.o


==============================================================================

Image component sizes


      Code (inc. data)   RO Data    RW Data    ZI Data      Debug   Object Name

       488         98          4          8          0       3485   adc.o
        62          8          0          0       8192       2335   board.o
      1156         48          0          0          0       5196   bsptimer.o
      1104        474          4          4         48       5169   button.o
       136         80         55          0         12       1718   chipinfo.o
       116         12          0          4          0       1628   clock.o
      2836        972        449          0          0      17234   cmd.o
       186         30         16          0          0       5456   components.o
       244         26          0          0          0        768   context_rvds.o
         0          0          0          0          0       4512   core_cm3.o
      1440        724          0         16          0       5242   cpuport.o
        88         12          0          0       5000       1016   dma.o
       296         34          0         16         12       2217   encoder.o
       278         34          0          0          0       2748   exti.o
       304         34         47          0          0       3157   gpio.o
       232         32          0          0        400       5318   idle.o
       892          0          0          0          0      11368   ipc.o
        64         12          0          1          0       1470   irq.o
      1894        164        290          0        128       9825   kservice.o
        20          4          0         16          0      10919   main.o
      1110        310         17         24         40       4870   mem.o
       132         22          0          0          0       1443   misc.o
       144          8          0          0          0       1124   motor.o
       886        154         55          0          0       8521   msh.o
       326          4          0        112          0       7916   object.o
       216         32          0         20         28       1900   pid.o
       526         90          0         24        256       8114   scheduler.o
      1352        152          4         24        129       9716   shell.o
        36          8        304          0       1024        836   startup_stm32f10x_hd.o
       390         10          0          0          0       7053   stm32f10x_adc.o
       416          8          0          0          0       3302   stm32f10x_dma.o
       200         18          0          0          0       1964   stm32f10x_exti.o
       378          4          0          0          0       4634   stm32f10x_gpio.o
       482         66          0          9          0       4364   stm32f10x_it.o
       396         56          0         20          0       6419   stm32f10x_rcc.o
      2128        244          0          0          0      18552   stm32f10x_tim.o
       394          6          0          0          0       6246   stm32f10x_usart.o
        58          0          0          0          0        864   system.o
       328         28          0         20          0     271361   system_stm32f10x.o
        96         12          0          0          0      15717   systick.o
       600        178         53        100          0       2558   task.o
       788         38          0          0          0      11188   thread.o
       786         20          0         12          0      11282   timer.o
         0          0          0         28          0        593   ultransonic.o
       762         56          0          6        768       4918   usart.o

    ----------------------------------------------------------------------
     24812       4322       1333        472      16044     516236   Object Totals
         0          0         32          0          0          0   (incl. Generated)
        46          0          3          8          7          0   (incl. Padding)

    ----------------------------------------------------------------------

      Code (inc. data)   RO Data    RW Data    ZI Data      Debug   Library Member Name

        56          8          0          0          0         84   __0sscanf.o
        86          0          0          0          0          0   __dczerorl2.o
        28          0          0          0          0         68   _chval.o
       812          4          0          0          0        112   _scanf.o
       332          0          0          0          0         96   _scanf_int.o
        64          0          0          0          0         84   _sgetc.o
        40          6         64          0          0         68   ctype_c.o
         0          0          0          0          0          0   entry.o
         0          0          0          0          0          0   entry10a.o
         0          0          0          0          0          0   entry11a.o
         8          4          0          0          0          0   entry2.o
         4          0          0          0          0          0   entry5.o
         0          0          0          0          0          0   entry7b.o
         0          0          0          0          0          0   entry8b.o
         8          4          0          0          0          0   entry9a.o
        30          0          0          0          0          0   handlers.o
        36          8          0          0          0         68   init.o
        10          0          0          0          0         68   isspace_c.o
         0          0          0          0          0          0   iusefp.o
        30          0          0          0          0         68   llshl.o
        36          0          0          0          0         68   llsshr.o
        32          0          0          0          0         68   llushr.o
        36          0          0          0          0         68   memcpya.o
        36          0          0          0          0        108   memseta.o
      2226         90          0          0          0        444   printfa.o
        40          8          0          0          0         84   scanf_char.o
         0          0          0          4          0          0   stdout.o
        24          0          0          0          0         68   strcat.o
        28          0          0          0          0         76   strcmp.o
        18          0          0          0          0         68   strcpy.o
        14          0          0          0          0         68   strlen.o
        30          0          0          0          0         80   strncmp.o
        24          0          0          0          0         76   strncpy.o
        36          0          0          0          0         80   strstr.o
        44          0          0          0          0         80   uidiv.o
        98          0          0          0          0         92   uldiv.o
        48          0          0          0          0         68   cdrcmple.o
        20          0          0          0          0         68   cfcmple.o
        20          0          0          0          0         68   cfrcmple.o
       334          0          0          0          0        148   dadd.o
       222          0          0          0          0        100   ddiv.o
       186          0          0          0          0        176   depilogue.o
        50          0          0          0          0         76   dfixui.o
        48          0          0          0          0         68   dfixul.o
       228          0          0          0          0         96   dmul.o
        38          0          0          0          0         68   f2d.o
       176          0          0          0          0        140   fadd.o
       124          0          0          0          0         88   fdiv.o
       110          0          0          0          0        168   fepilogue.o
        50          0          0          0          0         68   ffixi.o
        40          0          0          0          0         68   ffixui.o
        18          0          0          0          0         68   fflti.o
        10          0          0          0          0         68   ffltui.o
       100          0          0          0          0         76   fmul.o

    ----------------------------------------------------------------------
      6098        132         65          4          0       3924   Library Totals
        10          0          1          0          0          0   (incl. Padding)

    ----------------------------------------------------------------------

      Code (inc. data)   RO Data    RW Data    ZI Data      Debug   Library Name

      4266        132         64          4          0       2244   mc_w.l
      1822          0          0          0          0       1680   mf_w.l

    ----------------------------------------------------------------------
      6098        132         65          4          0       3924   Library Totals

    ----------------------------------------------------------------------

==============================================================================


      Code (inc. data)   RO Data    RW Data    ZI Data      Debug   

     30910       4454       1398        476      16044     503960   Grand Totals
     30910       4454       1398        136      16044     503960   ELF Image Totals (compressed)
     30910       4454       1398        136          0          0   ROM Totals

==============================================================================

    Total RO  Size (Code + RO Data)                32308 (  31.55kB)
    Total RW  Size (RW Data + ZI Data)             16520 (  16.13kB)
    Total ROM Size (Code + RO Data + RW Data)      32444 (  31.68kB)

==============================================================================

